GRASS;True;0;0;0;0;WORLD_MAP.png;;;;;;
GRASS;True;0;0;0;0;WORLD_MAP.png;;;;;;
GRASS;True;0;0;0;0;WORLD_MAP.png;;;;;;
GRASS;True;0;0;0;0;WORLD_MAP.png;;;;;;
GRASS;True;0;0;0;0;WORLD_MAP.png;;;;;;
GRASS;True;0;0;0;0;WORLD_MAP.png;;;;;;
GRASS;True;0;0;0;0;WORLD_MAP.png;;;;;;
GRASS;True;0;0;0;0;WORLD_MAP.png;;;;;;
GRASS;True;0;0;0;0;WORLD_MAP.png;;;;;;
GRASS;True;0;0;0;0;WORLD_MAP.png;;;;;;
GRASS;True;0;0;0;0;WORLD_MAP.png;;;;;;
GRASS;True;0;0;0;0;WORLD_MAP.png;;;;;;
GRASS;True;0;0;0;0;WORLD_MAP.png;;;;;;
GRASS;True;0;0;0;0;WORLD_MAP.png;;;;;;
GRASS;True;0;0;0;0;WORLD_MAP.png;;;;;;
GRASS;True;0;0;0;0;WORLD_MAP.png;;;;;;
GRASS;True;0;0;0;0;WORLD_MAP.png;;;;;;
GRASS;True;0;0;0;0;WORLD_MAP.png;;;;;;
GRASS;True;0;0;0;0;WORLD_MAP.png;;;;;;
GRASS;True;0;0;0;0;WORLD_MAP.png;;;;;;
GRASS;True;0;0;0;0;WORLD_MAP.png;;;;;;
GRASS;True;0;0;0;0;WORLD_MAP.png;;;;;;
GRASS;True;0;0;0;0;WORLD_MAP.png;;;;;;
GRASS;True;0;0;0;0;WORLD_MAP.png;;;;;;
GRASS;True;0;0;0;0;WORLD_MAP.png;;;;;;
GRASS;True;0;0;0;0;WORLD_MAP.png;;;;;;
GRASS;True;0;0;0;0;WORLD_MAP.png;;;;;;
GRASS;True;0;0;0;0;WORLD_MAP.png;;;;;;
GRASS;True;0;0;0;0;WORLD_MAP.png;;;;;;
GRASS;True;0;0;0;0;WORLD_MAP.png;;;;;;
GRASS;True;0;0;0;0;WORLD_MAP.png;;;;;;
GRASS;True;0;0;0;0;WORLD_MAP.png;;;;;;
GRASS;True;0;0;0;0;WORLD_MAP.png;;;;;;
GRASS;True;0;0;0;0;WORLD_MAP.png;;;;;;
GRASS;True;0;0;0;0;WORLD_MAP.png;;;;;;
GRASS;True;0;0;0;0;WORLD_MAP.png;;;;;;
GRASS;True;0;0;0;0;WORLD_MAP.png;;;;;;
GRASS;True;0;0;0;0;WORLD_MAP.png;;;;;;
GRASS;True;0;0;0;0;WORLD_MAP.png;;;;;;
GRASS;True;0;0;0;0;WORLD_MAP.png;;;;;;
GRASS;True;0;0;0;0;WORLD_MAP.png;;;;;;
GRASS;True;0;0;0;0;WORLD_MAP.png;;;;;;
GRASS;True;0;0;0;0;WORLD_MAP.png;;;;;;
GRASS;True;0;0;0;0;WORLD_MAP.png;;;;;;
GRASS;True;0;0;0;0;WORLD_MAP.png;;;;;;
GRASS;True;0;0;0;0;WORLD_MAP.png;;;;;;
GRASS;True;0;0;0;0;WORLD_MAP.png;;;;;;
GRASS;True;0;0;0;0;WORLD_MAP.png;;;;;;
GRASS;True;0;0;0;0;WORLD_MAP.png;;;;;;
GRASS;True;0;0;0;0;WORLD_MAP.png;;;;;;
GRASS;True;0;0;0;0;WORLD_MAP.png;;;;;;
GRASS;True;0;0;0;0;WORLD_MAP.png;;;;;;
GRASS;True;0;0;0;0;WORLD_MAP.png;;;;;;
GRASS;True;0;0;0;0;WORLD_MAP.png;;;;;;
GRASS;True;0;0;0;0;WORLD_MAP.png;;;;;;
GRASS;True;0;0;0;0;WORLD_MAP.png;;;;;;
GRASS;True;0;0;0;0;WORLD_MAP.png;;;;;;
GRASS;True;0;0;0;0;WORLD_MAP.png;;;;;;
GRASS;True;0;0;0;0;WORLD_MAP.png;;;;;;
GRASS;True;0;0;0;0;WORLD_MAP.png;;;;;;
GRASS;True;0;0;0;0;WORLD_MAP.png;;;;;;
GRASS;True;0;0;0;0;WORLD_MAP.png;;;;;;
GRASS;True;0;0;0;0;WORLD_MAP.png;;;;;;
GRASS;True;0;0;0;0;WORLD_MAP.png;;;;;;
GRASS;True;0;0;0;0;WORLD_MAP.png;;;;;;
GRASS;True;0;0;0;0;WORLD_MAP.png;;;;;;
GRASS;True;0;0;0;0;WORLD_MAP.png;;;;;;
GRASS;True;0;0;0;0;WORLD_MAP.png;;;;;;
GRASS;True;0;0;0;0;WORLD_MAP.png;;;;;;
GRASS;True;0;0;0;0;WORLD_MAP.png;;;;;;
GRASS;True;0;0;0;0;WORLD_MAP.png;;;;;;
GRASS;True;0;0;0;0;WORLD_MAP.png;;;;;;
GRASS;True;0;0;0;0;WORLD_MAP.png;;;;;;
GRASS;True;0;0;0;0;WORLD_MAP.png;;;;;;
GRASS;True;0;0;0;0;WORLD_MAP.png;;;;;;
GRASS;True;0;0;0;0;WORLD_MAP.png;;;;;;
GRASS;True;0;0;0;0;WORLD_MAP.png;;;;;;
GRASS;True;0;0;0;0;WORLD_MAP.png;;;;;;
GRASS;True;0;0;0;0;WORLD_MAP.png;;;;;;
GRASS;True;0;0;0;0;WORLD_MAP.png;;;;;;
GRASS;True;0;0;0;0;WORLD_MAP.png;;;;;;
GRASS;True;0;0;0;0;WORLD_MAP.png;;;;;;
GRASS;True;0;0;0;0;WORLD_MAP.png;;;;;;
GRASS;True;0;0;0;0;WORLD_MAP.png;;;;;;
GRASS;True;0;0;0;0;WORLD_MAP.png;;;;;;
GRASS;True;0;0;0;0;WORLD_MAP.png;;;;;;
GRASS;True;0;0;0;0;WORLD_MAP.png;;;;;;
GRASS;True;0;0;0;0;WORLD_MAP.png;;;;;;
GRASS;True;0;0;0;0;WORLD_MAP.png;;;;;;
GRASS;True;0;0;0;0;WORLD_MAP.png;;;;;;
GRASS;True;0;0;0;0;WORLD_MAP.png;;;;;;
GRASS;True;0;0;0;0;WORLD_MAP.png;;;;;;
GRASS;True;0;0;0;0;WORLD_MAP.png;;;;;;
GRASS;True;0;0;0;0;WORLD_MAP.png;;;;;;
GRASS;True;0;0;0;0;WORLD_MAP.png;;;;;;
GRASS;True;0;0;0;0;WORLD_MAP.png;;;;;;
GRASS;True;0;0;0;0;WORLD_MAP.png;;;;;;
GRASS;True;0;0;0;0;WORLD_MAP.png;;;;;;
GRASS;True;0;0;0;0;WORLD_MAP.png;;;;;;
GRASS;True;0;0;0;0;WORLD_MAP.png;;;;;;
GRASS;True;0;0;0;0;WORLD_MAP.png;;;;;;
GRASS;True;0;0;0;0;WORLD_MAP.png;;;;;;
GRASS;True;0;0;0;0;WORLD_MAP.png;;;;;;
GRASS;True;0;0;0;0;WORLD_MAP.png;;;;;;
GRASS;True;0;0;0;0;WORLD_MAP.png;;;;;;
GRASS;True;0;0;0;0;WORLD_MAP.png;;;;;;
GRASS;True;0;0;0;0;WORLD_MAP.png;;;;;;
GRASS;True;0;0;0;0;WORLD_MAP.png;;;;;;
GRASS;True;0;0;0;0;WORLD_MAP.png;;;;;;
GRASS;True;0;0;0;0;WORLD_MAP.png;;;;;;
GRASS;True;0;0;0;0;WORLD_MAP.png;;;;;;
GRASS;True;0;0;0;0;WORLD_MAP.png;;;;;;
GRASS;True;0;0;0;0;WORLD_MAP.png;;;;;;
GRASS;True;0;0;0;0;WORLD_MAP.png;;;;;;
GRASS;True;0;0;0;0;WORLD_MAP.png;;;;;;
GRASS;True;0;0;0;0;WORLD_MAP.png;;;;;;
GRASS;True;0;0;0;0;WORLD_MAP.png;;;;;;
GRASS;True;0;0;0;0;WORLD_MAP.png;;;;;;
GRASS;True;0;0;0;0;WORLD_MAP.png;;;;;;
GRASS;True;0;0;0;0;WORLD_MAP.png;;;;;;
GRASS;True;0;0;0;0;WORLD_MAP.png;;;;;;
GRASS;True;0;0;0;0;WORLD_MAP.png;;;;;;
GRASS;True;0;0;0;0;WORLD_MAP.png;;;;;;
GRASS;True;0;0;0;0;WORLD_MAP.png;;;;;;
GRASS;True;0;0;0;0;WORLD_MAP.png;;;;;;
GRASS;True;0;0;0;0;WORLD_MAP.png;;;;;;
GRASS;True;0;0;0;0;WORLD_MAP.png;;;;;;
GRASS;True;0;0;0;0;WORLD_MAP.png;;;;;;
GRASS;True;0;0;0;0;WORLD_MAP.png;;;;;;
GRASS;True;0;0;0;0;WORLD_MAP.png;;;;;;
GRASS;True;0;0;0;0;WORLD_MAP.png;;;;;;
GRASS;True;0;0;0;0;WORLD_MAP.png;;;;;;
GRASS;True;0;0;0;0;WORLD_MAP.png;;;;;;
GRASS;True;0;0;0;0;WORLD_MAP.png;;;;;;
GRASS;True;0;0;0;0;WORLD_MAP.png;;;;;;
GRASS;True;0;0;0;0;WORLD_MAP.png;;;;;;
GRASS;True;0;0;0;0;WORLD_MAP.png;;;;;;
GRASS;True;0;0;0;0;WORLD_MAP.png;;;;;;
GRASS;True;0;0;0;0;WORLD_MAP.png;;;;;;
GRASS;True;0;0;0;0;WORLD_MAP.png;;;;;;
GRASS;True;0;0;0;0;WORLD_MAP.png;;;;;;
GRASS;True;0;0;0;0;WORLD_MAP.png;;;;;;
GRASS;True;0;0;0;0;WORLD_MAP.png;;;;;;
GRASS;True;0;0;0;0;WORLD_MAP.png;;;;;;
GRASS;True;0;0;0;0;WORLD_MAP.png;;;;;;
GRASS;True;0;0;0;0;WORLD_MAP.png;;;;;;
GRASS;True;0;0;0;0;WORLD_MAP.png;;;;;;
GRASS;True;0;0;0;0;WORLD_MAP.png;;;;;;
GRASS;True;0;0;0;0;WORLD_MAP.png;;;;;;
GRASS;True;0;0;0;0;WORLD_MAP.png;;;;;;
GRASS;True;0;0;0;0;WORLD_MAP.png;;;;;;
GRASS;True;0;0;0;0;WORLD_MAP.png;;;;;;
GRASS;True;0;0;0;0;WORLD_MAP.png;;;;;;
GRASS;True;0;0;0;0;WORLD_MAP.png;;;;;;
GRASS;True;0;0;0;0;WORLD_MAP.png;;;;;;
GRASS;True;0;0;0;0;WORLD_MAP.png;;;;;;
GRASS;True;0;0;0;0;WORLD_MAP.png;;;;;;
GRASS;True;0;0;0;0;WORLD_MAP.png;;;;;;
GRASS;True;0;0;0;0;WORLD_MAP.png;;;;;;
GRASS;True;0;0;0;0;WORLD_MAP.png;;;;;;
GRASS;True;0;0;0;0;WORLD_MAP.png;;;;;;
GRASS;True;0;0;0;0;WORLD_MAP.png;;;;;;
GRASS;True;0;0;0;0;WORLD_MAP.png;;;;;;
GRASS;True;0;0;0;0;WORLD_MAP.png;;;;;;
GRASS;True;0;0;0;0;WORLD_MAP.png;;;;;;
GRASS;True;0;0;0;0;WORLD_MAP.png;;;;;;
GRASS;True;0;0;0;0;WORLD_MAP.png;;;;;;
GRASS;True;0;0;0;0;WORLD_MAP.png;;;;;;
GRASS;True;0;0;0;0;WORLD_MAP.png;;;;;;
GRASS;True;0;0;0;0;WORLD_MAP.png;;;;;;
GRASS;True;0;0;0;0;WORLD_MAP.png;;;;;;
GRASS;True;0;0;0;0;WORLD_MAP.png;;;;;;
GRASS;True;0;0;0;0;WORLD_MAP.png;;;;;;
GRASS;True;0;0;0;0;WORLD_MAP.png;;;;;;
GRASS;True;0;0;0;0;WORLD_MAP.png;;;;;;
GRASS;True;0;0;0;0;WORLD_MAP.png;;;;;;
GRASS;True;0;0;0;0;WORLD_MAP.png;;;;;;
GRASS;True;0;0;0;0;WORLD_MAP.png;;;;;;
GRASS;True;0;0;0;0;WORLD_MAP.png;;;;;;
GRASS;True;0;0;0;0;WORLD_MAP.png;;;;;;
GRASS;True;0;0;0;0;WORLD_MAP.png;;;;;;
GRASS;True;0;0;0;0;WORLD_MAP.png;;;;;;
GRASS;True;0;0;0;0;WORLD_MAP.png;;;;;;
GRASS;True;0;0;0;0;WORLD_MAP.png;;;;;;
GRASS;True;0;0;0;0;WORLD_MAP.png;;;;;;
GRASS;True;0;0;0;0;WORLD_MAP.png;;;;;;
GRASS;True;0;0;0;0;WORLD_MAP.png;;;;;;
GRASS;True;0;0;0;0;WORLD_MAP.png;;;;;;
GRASS;True;0;0;0;0;WORLD_MAP.png;;;;;;
GRASS;True;0;0;0;0;WORLD_MAP.png;;;;;;
GRASS;True;0;0;0;0;WORLD_MAP.png;;;;;;
GRASS;True;0;0;0;0;WORLD_MAP.png;;;;;;
GRASS;True;0;0;0;0;WORLD_MAP.png;;;;;;
GRASS;True;0;0;0;0;WORLD_MAP.png;;;;;;
GRASS;True;0;0;0;0;WORLD_MAP.png;;;;;;
GRASS;True;0;0;0;0;WORLD_MAP.png;;;;;;
GRASS;True;0;0;0;0;WORLD_MAP.png;;;;;;
GRASS;True;0;0;0;0;WORLD_MAP.png;;;;;;
GRASS;True;0;0;0;0;WORLD_MAP.png;;;;;;
GRASS;True;0;0;0;0;WORLD_MAP.png;;;;;;
GRASS;True;0;0;0;0;WORLD_MAP.png;;;;;;
GRASS;True;0;0;0;0;WORLD_MAP.png;;;;;;
GRASS;True;0;0;0;0;WORLD_MAP.png;;;;;;
GRASS;True;0;0;0;0;WORLD_MAP.png;;;;;;
GRASS;True;0;0;0;0;WORLD_MAP.png;;;;;;
GRASS;True;0;0;0;0;WORLD_MAP.png;;;;;;
GRASS;True;0;0;0;0;WORLD_MAP.png;;;;;;
GRASS;True;0;0;0;0;WORLD_MAP.png;;;;;;
GRASS;True;0;0;0;0;WORLD_MAP.png;;;;;;
GRASS;True;0;0;0;0;WORLD_MAP.png;;;;;;
GRASS;True;0;0;0;0;WORLD_MAP.png;;;;;;
GRASS;True;0;0;0;0;WORLD_MAP.png;;;;;;
GRASS;True;0;0;0;0;WORLD_MAP.png;;;;;;
GRASS;True;0;0;0;0;WORLD_MAP.png;;;;;;
GRASS;True;0;0;0;0;WORLD_MAP.png;;;;;;
GRASS;True;0;0;0;0;WORLD_MAP.png;;;;;;
GRASS;True;0;0;0;0;WORLD_MAP.png;;;;;;
GRASS;True;0;0;0;0;WORLD_MAP.png;;;;;;
GRASS;True;0;0;0;0;WORLD_MAP.png;;;;;;
GRASS;True;0;0;0;0;WORLD_MAP.png;;;;;;
GRASS;True;0;0;0;0;WORLD_MAP.png;;;;;;
GRASS;True;0;0;0;0;WORLD_MAP.png;;;;;;
GRASS;True;0;0;0;0;WORLD_MAP.png;;;;;;
GRASS;True;0;0;0;0;WORLD_MAP.png;;;;;;
GRASS;True;0;0;0;0;WORLD_MAP.png;;;;;;
GRASS;True;0;0;0;0;WORLD_MAP.png;;;;;;
GRASS;True;0;0;0;0;WORLD_MAP.png;;;;;;
GRASS;True;0;0;0;0;WORLD_MAP.png;;;;;;
GRASS;True;0;0;0;0;WORLD_MAP.png;;;;;;
GRASS;True;0;0;0;0;WORLD_MAP.png;;;;;;
GRASS;True;0;0;0;0;WORLD_MAP.png;;;;;;
GRASS;True;0;0;0;0;WORLD_MAP.png;;;;;;
GRASS;True;0;0;0;0;WORLD_MAP.png;;;;;;
GRASS;True;0;0;0;0;WORLD_MAP.png;;;;;;
GRASS;True;0;0;0;0;WORLD_MAP.png;;;;;;
GRASS;True;0;0;0;0;WORLD_MAP.png;;;;;;
GRASS;True;0;0;0;0;WORLD_MAP.png;;;;;;
GRASS;True;0;0;0;0;WORLD_MAP.png;;;;;;
GRASS;True;0;0;0;0;WORLD_MAP.png;;;;;;
GRASS;True;0;0;0;0;WORLD_MAP.png;;;;;;
GRASS;True;0;0;0;0;WORLD_MAP.png;;;;;;
GRASS;True;0;0;0;0;WORLD_MAP.png;;;;;;
GRASS;True;0;0;0;0;WORLD_MAP.png;;;;;;
GRASS;True;0;0;0;0;WORLD_MAP.png;;;;;;
GRASS;True;0;0;0;0;WORLD_MAP.png;;;;;;
GRASS;True;0;0;0;0;WORLD_MAP.png;;;;;;
GRASS;True;0;0;0;0;WORLD_MAP.png;;;;;;
GRASS;True;0;0;0;0;WORLD_MAP.png;;;;;;
GRASS;True;0;0;0;0;WORLD_MAP.png;;;;;;
GRASS;True;0;0;0;0;WORLD_MAP.png;;;;;;
GRASS;True;0;0;0;0;WORLD_MAP.png;;;;;;
GRASS;True;0;0;0;0;WORLD_MAP.png;;;;;;
GRASS;True;0;0;0;0;WORLD_MAP.png;;;;;;
GRASS;True;0;0;0;0;WORLD_MAP.png;;;;;;
GRASS;True;0;0;0;0;WORLD_MAP.png;;;;;;
GRASS;True;0;0;0;0;WORLD_MAP.png;;;;;;
GRASS;True;0;0;0;0;WORLD_MAP.png;;;;;;
GRASS;True;0;0;0;0;WORLD_MAP.png;;;;;;
GRASS;True;0;0;0;0;WORLD_MAP.png;;;;;;
GRASS;True;0;0;0;0;WORLD_MAP.png;;;;;;
GRASS;True;0;0;0;0;WORLD_MAP.png;;;;;;
GRASS;True;0;0;0;0;WORLD_MAP.png;;;;;;
GRASS;True;0;0;0;0;WORLD_MAP.png;;;;;;
GRASS;True;0;0;0;0;WORLD_MAP.png;;;;;;
GRASS;True;0;0;0;0;WORLD_MAP.png;;;;;;
GRASS;True;0;0;0;0;WORLD_MAP.png;;;;;;
GRASS;True;0;0;0;0;WORLD_MAP.png;;;;;;
GRASS;True;0;0;0;0;WORLD_MAP.png;;;;;;
GRASS;True;0;0;0;0;WORLD_MAP.png;;;;;;
GRASS;True;0;0;0;0;WORLD_MAP.png;;;;;;
GRASS;True;0;0;0;0;WORLD_MAP.png;;;;;;
GRASS;True;0;0;0;0;WORLD_MAP.png;;;;;;
GRASS;True;0;0;0;0;WORLD_MAP.png;;;;;;
GRASS;True;0;0;0;0;WORLD_MAP.png;;;;;;
GRASS;True;0;0;0;0;WORLD_MAP.png;;;;;;
GRASS;True;0;0;0;0;WORLD_MAP.png;;;;;;
GRASS;True;0;0;0;0;WORLD_MAP.png;;;;;;
GRASS;True;0;0;0;0;WORLD_MAP.png;;;;;;
GRASS;True;0;0;0;0;WORLD_MAP.png;;;;;;
GRASS;True;0;0;0;0;WORLD_MAP.png;;;;;;
GRASS;True;0;0;0;0;WORLD_MAP.png;;;;;;
GRASS;True;0;0;0;0;WORLD_MAP.png;;;;;;
GRASS;True;0;0;0;0;WORLD_MAP.png;;;;;;
GRASS;True;0;0;0;0;WORLD_MAP.png;;;;;;
GRASS;True;0;0;0;0;WORLD_MAP.png;;;;;;
GRASS;True;0;0;0;0;WORLD_MAP.png;;;;;;
GRASS;True;0;0;0;0;WORLD_MAP.png;;;;;;
GRASS;True;0;0;0;0;WORLD_MAP.png;;;;;;
GRASS;True;0;0;0;0;WORLD_MAP.png;;;;;;
GRASS;True;0;0;0;0;WORLD_MAP.png;;;;;;
GRASS;True;0;0;0;0;WORLD_MAP.png;;;;;;
GRASS;True;0;0;0;0;WORLD_MAP.png;;;;;;
GRASS;True;0;0;0;0;WORLD_MAP.png;;;;;;
GRASS;True;0;0;0;0;WORLD_MAP.png;;;;;;
GRASS;True;0;0;0;0;WORLD_MAP.png;;;;;;
GRASS;True;0;0;0;0;WORLD_MAP.png;;;;;;
GRASS;True;0;0;0;0;WORLD_MAP.png;;;;;;
GRASS;True;0;0;0;0;WORLD_MAP.png;;;;;;
GRASS;True;0;0;0;0;WORLD_MAP.png;;;;;;
GRASS;True;0;0;0;0;WORLD_MAP.png;;;;;;
GRASS;True;0;0;0;0;WORLD_MAP.png;;;;;;
GRASS;True;0;0;0;0;WORLD_MAP.png;;;;;;
GRASS;True;0;0;0;0;WORLD_MAP.png;;;;;;
GRASS;True;0;0;0;0;WORLD_MAP.png;;;;;;
GRASS;True;0;0;0;0;WORLD_MAP.png;;;;;;
GRASS;True;0;0;0;0;WORLD_MAP.png;;;;;;
GRASS;True;0;0;0;0;WORLD_MAP.png;;;;;;
GRASS;True;0;0;0;0;WORLD_MAP.png;;;;;;
GRASS;True;0;0;0;0;WORLD_MAP.png;;;;;;
GRASS;True;0;0;0;0;WORLD_MAP.png;;;;;;
GRASS;True;0;0;0;0;WORLD_MAP.png;;;;;;
GRASS;True;0;0;0;0;WORLD_MAP.png;;;;;;
GRASS;True;0;0;0;0;WORLD_MAP.png;;;;;;
GRASS;True;0;0;0;0;WORLD_MAP.png;;;;;;
GRASS;True;0;0;0;0;WORLD_MAP.png;;;;;;
GRASS;True;0;0;0;0;WORLD_MAP.png;;;;;;
GRASS;True;0;0;0;0;WORLD_MAP.png;;;;;;
GRASS;True;0;0;0;0;WORLD_MAP.png;;;;;;
GRASS;True;0;0;0;0;WORLD_MAP.png;;;;;;
GRASS;True;0;0;0;0;WORLD_MAP.png;;;;;;
GRASS;True;0;0;0;0;WORLD_MAP.png;;;;;;
GRASS;True;0;0;0;0;WORLD_MAP.png;;;;;;
GRASS;True;0;0;0;0;WORLD_MAP.png;;;;;;
GRASS;True;0;0;0;0;WORLD_MAP.png;;;;;;
GRASS;True;0;0;0;0;WORLD_MAP.png;;;;;;
GRASS;True;0;0;0;0;WORLD_MAP.png;;;;;;
GRASS;True;0;0;0;0;WORLD_MAP.png;;;;;;
GRASS;True;0;0;0;0;WORLD_MAP.png;;;;;;
GRASS;True;0;0;0;0;WORLD_MAP.png;;;;;;
GRASS;True;0;0;0;0;WORLD_MAP.png;;;;;;
GRASS;True;0;0;0;0;WORLD_MAP.png;;;;;;
GRASS;True;0;0;0;0;WORLD_MAP.png;;;;;;
GRASS;True;0;0;0;0;WORLD_MAP.png;;;;;;
GRASS;True;0;0;0;0;WORLD_MAP.png;;;;;;
GRASS;True;0;0;0;0;WORLD_MAP.png;;;;;;
GRASS;True;0;0;0;0;WORLD_MAP.png;;;;;;
GRASS;True;0;0;0;0;WORLD_MAP.png;;;;;;
GRASS;True;0;0;0;0;WORLD_MAP.png;;;;;;
GRASS;True;0;0;0;0;WORLD_MAP.png;;;;;;
GRASS;True;0;0;0;0;WORLD_MAP.png;;;;;;
GRASS;True;0;0;0;0;WORLD_MAP.png;;;;;;
GRASS;True;0;0;0;0;WORLD_MAP.png;;;;;;
GRASS;True;0;0;0;0;WORLD_MAP.png;;;;;;
GRASS;True;0;0;0;0;WORLD_MAP.png;;;;;;
GRASS;True;0;0;0;0;WORLD_MAP.png;;;;;;
GRASS;True;0;0;0;0;WORLD_MAP.png;;;;;;
GRASS;True;0;0;0;0;WORLD_MAP.png;;;;;;
GRASS;True;0;0;0;0;WORLD_MAP.png;;;;;;
GRASS;True;0;0;0;0;WORLD_MAP.png;;;;;;
GRASS;True;0;0;0;0;WORLD_MAP.png;;;;;;
GRASS;True;0;0;0;0;WORLD_MAP.png;;;;;;
GRASS;True;0;0;0;0;WORLD_MAP.png;;;;;;
GRASS;True;0;0;0;0;WORLD_MAP.png;;;;;;
GRASS;True;0;0;0;0;WORLD_MAP.png;;;;;;
GRASS;True;0;0;0;0;WORLD_MAP.png;;;;;;
GRASS;True;0;0;0;0;WORLD_MAP.png;;;;;;
GRASS;True;0;0;0;0;WORLD_MAP.png;;;;;;
GRASS;True;0;0;0;0;WORLD_MAP.png;;;;;;
GRASS;True;0;0;0;0;WORLD_MAP.png;;;;;;
GRASS;True;0;0;0;0;WORLD_MAP.png;;;;;;
GRASS;True;0;0;0;0;WORLD_MAP.png;;;;;;
GRASS;True;0;0;0;0;WORLD_MAP.png;;;;;;
GRASS;True;0;0;0;0;WORLD_MAP.png;;;;;;
GRASS;True;0;0;0;0;WORLD_MAP.png;;;;;;
GRASS;True;0;0;0;0;WORLD_MAP.png;;;;;;
GRASS;True;0;0;0;0;WORLD_MAP.png;;;;;;
GRASS;True;0;0;0;0;WORLD_MAP.png;;;;;;
GRASS;True;0;0;0;0;WORLD_MAP.png;;;;;;
GRASS;True;0;0;0;0;WORLD_MAP.png;;;;;;
GRASS;True;0;0;0;0;WORLD_MAP.png;;;;;;
GRASS;True;0;0;0;0;WORLD_MAP.png;;;;;;
GRASS;True;0;0;0;0;WORLD_MAP.png;;;;;;
GRASS;True;0;0;0;0;WORLD_MAP.png;;;;;;
GRASS;True;0;0;0;0;WORLD_MAP.png;;;;;;
GRASS;True;0;0;0;0;WORLD_MAP.png;;;;;;
GRASS;True;0;0;0;0;WORLD_MAP.png;;;;;;
GRASS;True;0;0;0;0;WORLD_MAP.png;;;;;;
GRASS;True;0;0;0;0;WORLD_MAP.png;;;;;;
GRASS;True;0;0;0;0;WORLD_MAP.png;;;;;;
GRASS;True;0;0;0;0;WORLD_MAP.png;;;;;;
GRASS;True;0;0;0;0;WORLD_MAP.png;;;;;;
GRASS;True;0;0;0;0;WORLD_MAP.png;;;;;;
GRASS;True;0;0;0;0;WORLD_MAP.png;;;;;;
GRASS;True;0;0;0;0;WORLD_MAP.png;;;;;;
GRASS;True;0;0;0;0;WORLD_MAP.png;;;;;;
GRASS;True;0;0;0;0;WORLD_MAP.png;;;;;;
GRASS;True;0;0;0;0;WORLD_MAP.png;;;;;;
GRASS;True;0;0;0;0;WORLD_MAP.png;;;;;;
GRASS;True;0;0;0;0;WORLD_MAP.png;;;;;;
GRASS;True;0;0;0;0;WORLD_MAP.png;;;;;;
GRASS;True;0;0;0;0;WORLD_MAP.png;;;;;;
GRASS;True;0;0;0;0;WORLD_MAP.png;;;;;;
GRASS;True;0;0;0;0;WORLD_MAP.png;;;;;;
GRASS;True;0;0;0;0;WORLD_MAP.png;;;;;;
GRASS;True;0;0;0;0;WORLD_MAP.png;;;;;;
GRASS;True;0;0;0;0;WORLD_MAP.png;;;;;;
GRASS;True;0;0;0;0;WORLD_MAP.png;;;;;;
GRASS;True;0;0;0;0;WORLD_MAP.png;;;;;;
GRASS;True;0;0;0;0;WORLD_MAP.png;;;;;;
GRASS;True;0;0;0;0;WORLD_MAP.png;;;;;;
GRASS;True;0;0;0;0;WORLD_MAP.png;;;;;;
GRASS;True;0;0;0;0;WORLD_MAP.png;;;;;;
GRASS;True;0;0;0;0;WORLD_MAP.png;;;;;;
GRASS;True;0;0;0;0;WORLD_MAP.png;;;;;;
GRASS;True;0;0;0;0;WORLD_MAP.png;;;;;;
GRASS;True;0;0;0;0;WORLD_MAP.png;;;;;;
GRASS;True;0;0;0;0;WORLD_MAP.png;;;;;;
GRASS;True;0;0;0;0;WORLD_MAP.png;;;;;;
GRASS;True;0;0;0;0;WORLD_MAP.png;;;;;;
GRASS;True;0;0;0;0;WORLD_MAP.png;;;;;;
GRASS;True;0;0;0;0;WORLD_MAP.png;;;;;;
GRASS;True;0;0;0;0;WORLD_MAP.png;;;;;;
GRASS;True;0;0;0;0;WORLD_MAP.png;;;;;;
GRASS;True;0;0;0;0;WORLD_MAP.png;;;;;;
GRASS;True;0;0;0;0;WORLD_MAP.png;;;;;;
GRASS;True;0;0;0;0;WORLD_MAP.png;;;;;;
GRASS;True;0;0;0;0;WORLD_MAP.png;;;;;;
GRASS;True;0;0;0;0;WORLD_MAP.png;;;;;;
GRASS;True;0;0;0;0;WORLD_MAP.png;;;;;;
GRASS;True;0;0;0;0;WORLD_MAP.png;;;;;;
GRASS;True;0;0;0;0;WORLD_MAP.png;;;;;;
GRASS;True;0;0;0;0;WORLD_MAP.png;;;;;;
GRASS;True;0;0;0;0;WORLD_MAP.png;;;;;;
GRASS;True;0;0;0;0;WORLD_MAP.png;;;;;;
GRASS;True;0;0;0;0;WORLD_MAP.png;;;;;;
GRASS;True;0;0;0;0;WORLD_MAP.png;;;;;;
GRASS;True;0;0;0;0;WORLD_MAP.png;;;;;;
GRASS;True;0;0;0;0;WORLD_MAP.png;;;;;;
GRASS;True;0;0;0;0;WORLD_MAP.png;;;;;;
GRASS;True;0;0;0;0;WORLD_MAP.png;;;;;;
GRASS;True;0;0;0;0;WORLD_MAP.png;;;;;;
GRASS;True;0;0;0;0;WORLD_MAP.png;;;;;;
GRASS;True;0;0;0;0;WORLD_MAP.png;;;;;;
GRASS;True;0;0;0;0;WORLD_MAP.png;;;;;;
GRASS;True;0;0;0;0;WORLD_MAP.png;;;;;;
GRASS;True;0;0;0;0;WORLD_MAP.png;;;;;;
GRASS;True;0;0;0;0;WORLD_MAP.png;;;;;;
GRASS;True;0;0;0;0;WORLD_MAP.png;;;;;;
GRASS;True;0;0;0;0;WORLD_MAP.png;;;;;;
GRASS;True;0;0;0;0;WORLD_MAP.png;;;;;;
GRASS;True;0;0;0;0;WORLD_MAP.png;;;;;;
GRASS;True;0;0;0;0;WORLD_MAP.png;;;;;;
GRASS;True;0;0;0;0;WORLD_MAP.png;;;;;;
GRASS;True;0;0;0;0;WORLD_MAP.png;;;;;;
GRASS;True;0;0;0;0;WORLD_MAP.png;;;;;;
GRASS;True;0;0;0;0;WORLD_MAP.png;;;;;;
GRASS;True;0;0;0;0;WORLD_MAP.png;;;;;;
GRASS;True;0;0;0;0;WORLD_MAP.png;;;;;;
GRASS;True;0;0;0;0;WORLD_MAP.png;;;;;;
GRASS;True;0;0;0;0;WORLD_MAP.png;;;;;;
GRASS;True;0;0;0;0;WORLD_MAP.png;;;;;;
GRASS;True;0;0;0;0;WORLD_MAP.png;;;;;;
GRASS;True;0;0;0;0;WORLD_MAP.png;;;;;;
GRASS;True;0;0;0;0;WORLD_MAP.png;;;;;;
GRASS;True;0;0;0;0;WORLD_MAP.png;;;;;;
GRASS;True;0;0;0;0;WORLD_MAP.png;;;;;;
GRASS;True;0;0;0;0;WORLD_MAP.png;;;;;;
GRASS;True;0;0;0;0;WORLD_MAP.png;;;;;;
GRASS;True;0;0;0;0;WORLD_MAP.png;;;;;;
GRASS;True;0;0;0;0;WORLD_MAP.png;;;;;;
GRASS;True;0;0;0;0;WORLD_MAP.png;;;;;;
GRASS;True;0;0;0;0;WORLD_MAP.png;;;;;;
GRASS;True;0;0;0;0;WORLD_MAP.png;;;;;;
GRASS;True;0;0;0;0;WORLD_MAP.png;;;;;;
GRASS;True;0;0;0;0;WORLD_MAP.png;;;;;;
GRASS;True;0;0;0;0;WORLD_MAP.png;;;;;;
GRASS;True;0;0;0;0;WORLD_MAP.png;;;;;;
GRASS;True;0;0;0;0;WORLD_MAP.png;;;;;;
GRASS;True;0;0;0;0;WORLD_MAP.png;;;;;;
GRASS;True;0;0;0;0;WORLD_MAP.png;;;;;;
GRASS;True;0;0;0;0;WORLD_MAP.png;;;;;;
GRASS;True;0;0;0;0;WORLD_MAP.png;;;;;;
GRASS;True;0;0;0;0;WORLD_MAP.png;;;;;;
GRASS;True;0;0;0;0;WORLD_MAP.png;;;;;;
GRASS;True;0;0;0;0;WORLD_MAP.png;;;;;;
GRASS;True;0;0;0;0;WORLD_MAP.png;;;;;;
GRASS;True;0;0;0;0;WORLD_MAP.png;;;;;;
GRASS;True;0;0;0;0;WORLD_MAP.png;;;;;;
GRASS;True;0;0;0;0;WORLD_MAP.png;;;;;;
GRASS;True;0;0;0;0;WORLD_MAP.png;;;;;;
GRASS;True;0;0;0;0;WORLD_MAP.png;;;;;;
GRASS;True;0;0;0;0;WORLD_MAP.png;;;;;;
GRASS;True;0;0;0;0;WORLD_MAP.png;;;;;;
GRASS;True;0;0;0;0;WORLD_MAP.png;;;;;;
GRASS;True;0;0;0;0;WORLD_MAP.png;;;;;;
GRASS;True;0;0;0;0;WORLD_MAP.png;;;;;;
GRASS;True;0;0;0;0;WORLD_MAP.png;;;;;;
GRASS;True;0;0;0;0;WORLD_MAP.png;;;;;;
GRASS;True;0;0;0;0;WORLD_MAP.png;;;;;;
GRASS;True;0;0;0;0;WORLD_MAP.png;;;;;;
GRASS;True;0;0;0;0;WORLD_MAP.png;;;;;;
GRASS;True;0;0;0;0;WORLD_MAP.png;;;;;;
GRASS;True;0;0;0;0;WORLD_MAP.png;;;;;;
GRASS;True;0;0;0;0;WORLD_MAP.png;;;;;;
GRASS;True;0;0;0;0;WORLD_MAP.png;;;;;;
GRASS;True;0;0;0;0;WORLD_MAP.png;;;;;;
GRASS;True;0;0;0;0;WORLD_MAP.png;;;;;;
GRASS;True;0;0;0;0;WORLD_MAP.png;;;;;;
GRASS;True;0;0;0;0;WORLD_MAP.png;;;;;;
GRASS;True;0;0;0;0;WORLD_MAP.png;;;;;;
GRASS;True;0;0;0;0;WORLD_MAP.png;;;;;;
GRASS;True;0;0;0;0;WORLD_MAP.png;;;;;;
GRASS;True;0;0;0;0;WORLD_MAP.png;;;;;;
GRASS;True;0;0;0;0;WORLD_MAP.png;;;;;;
GRASS;True;0;0;0;0;WORLD_MAP.png;;;;;;
GRASS;True;0;0;0;0;WORLD_MAP.png;;;;;;
GRASS;True;0;0;0;0;WORLD_MAP.png;;;;;;
GRASS;True;0;0;0;0;WORLD_MAP.png;;;;;;
GRASS;True;0;0;0;0;WORLD_MAP.png;;;;;;
GRASS;True;0;0;0;0;WORLD_MAP.png;;;;;;
GRASS;True;0;0;0;0;WORLD_MAP.png;;;;;;
GRASS;True;0;0;0;0;WORLD_MAP.png;;;;;;
GRASS;True;0;0;0;0;WORLD_MAP.png;;;;;;
GRASS;True;0;0;0;0;WORLD_MAP.png;;;;;;
GRASS;True;0;0;0;0;WORLD_MAP.png;;;;;;
GRASS;True;0;0;0;0;WORLD_MAP.png;;;;;;
GRASS;True;0;0;0;0;WORLD_MAP.png;;;;;;
GRASS;True;0;0;0;0;WORLD_MAP.png;;;;;;
GRASS;True;0;0;0;0;WORLD_MAP.png;;;;;;
GRASS;True;0;0;0;0;WORLD_MAP.png;;;;;;
GRASS;True;0;0;0;0;WORLD_MAP.png;;;;;;
GRASS;True;0;0;0;0;WORLD_MAP.png;;;;;;
GRASS;True;0;0;0;0;WORLD_MAP.png;;;;;;
GRASS;True;0;0;0;0;WORLD_MAP.png;;;;;;
GRASS;True;0;0;0;0;WORLD_MAP.png;;;;;;
GRASS;True;0;0;0;0;WORLD_MAP.png;;;;;;
GRASS;True;0;0;0;0;WORLD_MAP.png;;;;;;
GRASS;True;0;0;0;0;WORLD_MAP.png;;;;;;
GRASS;True;0;0;0;0;WORLD_MAP.png;;;;;;
GRASS;True;0;0;0;0;WORLD_MAP.png;;;;;;
GRASS;True;0;0;0;0;WORLD_MAP.png;;;;;;
GRASS;True;0;0;0;0;WORLD_MAP.png;;;;;;
GRASS;True;0;0;0;0;WORLD_MAP.png;;;;;;
GRASS;True;0;0;0;0;WORLD_MAP.png;;;;;;
GRASS;True;0;0;0;0;WORLD_MAP.png;;;;;;
GRASS;True;0;0;0;0;WORLD_MAP.png;;;;;;
GRASS;True;0;0;0;0;WORLD_MAP.png;;;;;;
GRASS;True;0;0;0;0;WORLD_MAP.png;;;;;;
GRASS;True;0;0;0;0;WORLD_MAP.png;;;;;;
GRASS;True;0;0;0;0;WORLD_MAP.png;;;;;;
GRASS;True;0;0;0;0;WORLD_MAP.png;;;;;;
GRASS;True;0;0;0;0;WORLD_MAP.png;;;;;;
GRASS;True;0;0;0;0;WORLD_MAP.png;;;;;;
GRASS;True;0;0;0;0;WORLD_MAP.png;;;;;;
GRASS;True;0;0;0;0;WORLD_MAP.png;;;;;;
GRASS;True;0;0;0;0;WORLD_MAP.png;;;;;;
GRASS;True;0;0;0;0;WORLD_MAP.png;;;;;;
GRASS;True;0;0;0;0;WORLD_MAP.png;;;;;;
GRASS;True;0;0;0;0;WORLD_MAP.png;;;;;;
GRASS;True;0;0;0;0;WORLD_MAP.png;;;;;;
GRASS;True;0;0;0;0;WORLD_MAP.png;;;;;;
GRASS;True;0;0;0;0;WORLD_MAP.png;;;;;;
GRASS;True;0;0;0;0;WORLD_MAP.png;;;;;;
GRASS;True;0;0;0;0;WORLD_MAP.png;;;;;;
GRASS;True;0;0;0;0;WORLD_MAP.png;;;;;;
GRASS;True;0;0;0;0;WORLD_MAP.png;;;;;;
GRASS;True;0;0;0;0;WORLD_MAP.png;;;;;;
GRASS;True;0;0;0;0;WORLD_MAP.png;;;;;;
GRASS;True;0;0;0;0;WORLD_MAP.png;;;;;;
GRASS;True;0;0;0;0;WORLD_MAP.png;;;;;;
GRASS;True;0;0;0;0;WORLD_MAP.png;;;;;;
GRASS;True;0;0;0;0;WORLD_MAP.png;;;;;;
GRASS;True;0;0;0;0;WORLD_MAP.png;;;;;;
GRASS;True;0;0;0;0;WORLD_MAP.png;;;;;;
GRASS;True;0;0;0;0;WORLD_MAP.png;;;;;;
GRASS;True;0;0;0;0;WORLD_MAP.png;;;;;;
GRASS;True;0;0;0;0;WORLD_MAP.png;;;;;;
GRASS;True;0;0;0;0;WORLD_MAP.png;;;;;;
GRASS;True;0;0;0;0;WORLD_MAP.png;;;;;;
GRASS;True;0;0;0;0;WORLD_MAP.png;;;;;;
GRASS;True;0;0;0;0;WORLD_MAP.png;;;;;;
GRASS;True;0;0;0;0;WORLD_MAP.png;;;;;;
GRASS;True;0;0;0;0;WORLD_MAP.png;;;;;;
GRASS;True;0;0;0;0;WORLD_MAP.png;;;;;;
GRASS;True;0;0;0;0;WORLD_MAP.png;;;;;;
GRASS;True;0;0;0;0;WORLD_MAP.png;;;;;;
GRASS;True;0;0;0;0;WORLD_MAP.png;;;;;;
GRASS;True;0;0;0;0;WORLD_MAP.png;;;;;;
GRASS;True;0;0;0;0;WORLD_MAP.png;;;;;;
GRASS;True;0;0;0;0;WORLD_MAP.png;;;;;;
GRASS;True;0;0;0;0;WORLD_MAP.png;;;;;;
GRASS;True;0;0;0;0;WORLD_MAP.png;;;;;;
GRASS;True;0;0;0;0;WORLD_MAP.png;;;;;;
GRASS;True;0;0;0;0;WORLD_MAP.png;;;;;;
GRASS;True;0;0;0;0;WORLD_MAP.png;;;;;;
GRASS;True;0;0;0;0;WORLD_MAP.png;;;;;;
GRASS;True;0;0;0;0;WORLD_MAP.png;;;;;;
GRASS;True;0;0;0;0;WORLD_MAP.png;;;;;;
GRASS;True;0;0;0;0;WORLD_MAP.png;;;;;;
GRASS;True;0;0;0;0;WORLD_MAP.png;;;;;;
GRASS;True;0;0;0;0;WORLD_MAP.png;;;;;;
GRASS;True;0;0;0;0;WORLD_MAP.png;;;;;;
GRASS;True;0;0;0;0;WORLD_MAP.png;;;;;;
GRASS;True;0;0;0;0;WORLD_MAP.png;;;;;;
GRASS;True;0;0;0;0;WORLD_MAP.png;;;;;;
GRASS;True;0;0;0;0;WORLD_MAP.png;;;;;;
GRASS;True;0;0;0;0;WORLD_MAP.png;;;;;;
GRASS;True;0;0;0;0;WORLD_MAP.png;;;;;;
GRASS;True;0;0;0;0;WORLD_MAP.png;;;;;;
GRASS;True;0;0;0;0;WORLD_MAP.png;;;;;;
GRASS;True;0;0;0;0;WORLD_MAP.png;;;;;;
GRASS;True;0;0;0;0;WORLD_MAP.png;;;;;;
GRASS;True;0;0;0;0;WORLD_MAP.png;;;;;;
GRASS;True;0;0;0;0;WORLD_MAP.png;;;;;;
GRASS;True;0;0;0;0;WORLD_MAP.png;;;;;;
GRASS;True;0;0;0;0;WORLD_MAP.png;;;;;;
GRASS;True;0;0;0;0;WORLD_MAP.png;;;;;;
GRASS;True;0;0;0;0;WORLD_MAP.png;;;;;;
GRASS;True;0;0;0;0;WORLD_MAP.png;;;;;;
GRASS;True;0;0;0;0;WORLD_MAP.png;;;;;;
GRASS;True;0;0;0;0;WORLD_MAP.png;;;;;;
GRASS;True;0;0;0;0;WORLD_MAP.png;;;;;;
GRASS;True;0;0;0;0;WORLD_MAP.png;;;;;;
GRASS;True;0;0;0;0;WORLD_MAP.png;;;;;;
GRASS;True;0;0;0;0;WORLD_MAP.png;;;;;;
GRASS;True;0;0;0;0;WORLD_MAP.png;;;;;;
GRASS;True;0;0;0;0;WORLD_MAP.png;;;;;;
GRASS;True;0;0;0;0;WORLD_MAP.png;;;;;;
GRASS;True;0;0;0;0;WORLD_MAP.png;;;;;;
GRASS;True;0;0;0;0;WORLD_MAP.png;;;;;;
GRASS;True;0;0;0;0;WORLD_MAP.png;;;;;;
GRASS;True;0;0;0;0;WORLD_MAP.png;;;;;;
GRASS;True;0;0;0;0;WORLD_MAP.png;;;;;;
GRASS;True;0;0;0;0;WORLD_MAP.png;;;;;;
GRASS;True;0;0;0;0;WORLD_MAP.png;;;;;;
GRASS;True;0;0;0;0;WORLD_MAP.png;;;;;;
GRASS;True;0;0;0;0;WORLD_MAP.png;;;;;;
GRASS;True;0;0;0;0;WORLD_MAP.png;;;;;;
GRASS;True;0;0;0;0;WORLD_MAP.png;;;;;;
GRASS;True;0;0;0;0;WORLD_MAP.png;;;;;;
GRASS;True;0;0;0;0;WORLD_MAP.png;;;;;;
GRASS;True;0;0;0;0;WORLD_MAP.png;;;;;;
GRASS;True;0;0;0;0;WORLD_MAP.png;;;;;;
GRASS;True;0;0;0;0;WORLD_MAP.png;;;;;;
GRASS;True;0;0;0;0;WORLD_MAP.png;;;;;;
GRASS;True;0;0;0;0;WORLD_MAP.png;;;;;;
GRASS;True;0;0;0;0;WORLD_MAP.png;;;;;;
GRASS;True;0;0;0;0;WORLD_MAP.png;;;;;;
GRASS;True;0;0;0;0;WORLD_MAP.png;;;;;;
GRASS;True;0;0;0;0;WORLD_MAP.png;;;;;;
GRASS;True;0;0;0;0;WORLD_MAP.png;;;;;;
GRASS;True;0;0;0;0;WORLD_MAP.png;;;;;;
GRASS;True;0;0;0;0;WORLD_MAP.png;;;;;;
GRASS;True;0;0;0;0;WORLD_MAP.png;;;;;;
GRASS;True;0;0;0;0;WORLD_MAP.png;;;;;;
GRASS;True;0;0;0;0;WORLD_MAP.png;;;;;;
GRASS;True;0;0;0;0;WORLD_MAP.png;;;;;;
GRASS;True;0;0;0;0;WORLD_MAP.png;;;;;;
GRASS;True;0;0;0;0;WORLD_MAP.png;;;;;;
GRASS;True;0;0;0;0;WORLD_MAP.png;;;;;;
GRASS;True;0;0;0;0;WORLD_MAP.png;;;;;;
GRASS;True;0;0;0;0;WORLD_MAP.png;;;;;;
GRASS;True;0;0;0;0;WORLD_MAP.png;;;;;;
GRASS;True;0;0;0;0;WORLD_MAP.png;;;;;;
GRASS;True;0;0;0;0;WORLD_MAP.png;;;;;;
GRASS;True;0;0;0;0;WORLD_MAP.png;;;;;;
GRASS;True;0;0;0;0;WORLD_MAP.png;;;;;;
GRASS;True;0;0;0;0;WORLD_MAP.png;;;;;;
GRASS;True;0;0;0;0;WORLD_MAP.png;;;;;;
GRASS;True;0;0;0;0;WORLD_MAP.png;;;;;;
GRASS;True;0;0;0;0;WORLD_MAP.png;;;;;;
GRASS;True;0;0;0;0;WORLD_MAP.png;;;;;;
GRASS;True;0;0;0;0;WORLD_MAP.png;;;;;;
GRASS;True;0;0;0;0;WORLD_MAP.png;;;;;;
GRASS;True;0;0;0;0;WORLD_MAP.png;;;;;;
GRASS;True;0;0;0;0;WORLD_MAP.png;;;;;;
GRASS;True;0;0;0;0;WORLD_MAP.png;;;;;;
GRASS;True;0;0;0;0;WORLD_MAP.png;;;;;;
GRASS;True;0;0;0;0;WORLD_MAP.png;;;;;;
GRASS;True;0;0;0;0;WORLD_MAP.png;;;;;;
GRASS;True;0;0;0;0;WORLD_MAP.png;;;;;;
GRASS;True;0;0;0;0;WORLD_MAP.png;;;;;;
GRASS;True;0;0;0;0;WORLD_MAP.png;;;;;;
GRASS;True;0;0;0;0;WORLD_MAP.png;;;;;;
GRASS;True;0;0;0;0;WORLD_MAP.png;;;;;;
GRASS;True;0;0;0;0;WORLD_MAP.png;;;;;;
GRASS;True;0;0;0;0;WORLD_MAP.png;;;;;;
GRASS;True;0;0;0;0;WORLD_MAP.png;;;;;;
GRASS;True;0;0;0;0;WORLD_MAP.png;;;;;;
GRASS;True;0;0;0;0;WORLD_MAP.png;;;;;;
GRASS;True;0;0;0;0;WORLD_MAP.png;;;;;;
GRASS;True;0;0;0;0;WORLD_MAP.png;;;;;;
GRASS;True;0;0;0;0;WORLD_MAP.png;;;;;;
GRASS;True;0;0;0;0;WORLD_MAP.png;;;;;;
GRASS;True;0;0;0;0;WORLD_MAP.png;;;;;;
GRASS;True;0;0;0;0;WORLD_MAP.png;;;;;;
GRASS;True;0;0;0;0;WORLD_MAP.png;;;;;;
GRASS;True;0;0;0;0;WORLD_MAP.png;;;;;;
GRASS;True;0;0;0;0;WORLD_MAP.png;;;;;;
GRASS;True;0;0;0;0;WORLD_MAP.png;;;;;;
GRASS;True;0;0;0;0;WORLD_MAP.png;;;;;;
GRASS;True;0;0;0;0;WORLD_MAP.png;;;;;;
GRASS;True;0;0;0;0;WORLD_MAP.png;;;;;;
GRASS;True;0;0;0;0;WORLD_MAP.png;;;;;;
GRASS;True;0;0;0;0;WORLD_MAP.png;;;;;;
GRASS;True;0;0;0;0;WORLD_MAP.png;;;;;;
GRASS;True;0;0;0;0;WORLD_MAP.png;;;;;;
GRASS;True;0;0;0;0;WORLD_MAP.png;;;;;;
GRASS;True;0;0;0;0;WORLD_MAP.png;;;;;;
GRASS;True;0;0;0;0;WORLD_MAP.png;;;;;;
GRASS;True;0;0;0;0;WORLD_MAP.png;;;;;;
GRASS;True;0;0;0;0;WORLD_MAP.png;;;;;;
GRASS;True;0;0;0;0;WORLD_MAP.png;;;;;;
GRASS;True;0;0;0;0;WORLD_MAP.png;;;;;;
GRASS;True;0;0;0;0;WORLD_MAP.png;;;;;;
GRASS;True;0;0;0;0;WORLD_MAP.png;;;;;;
GRASS;True;0;0;0;0;WORLD_MAP.png;;;;;;
GRASS;True;0;0;0;0;WORLD_MAP.png;;;;;;
GRASS;True;0;0;0;0;WORLD_MAP.png;;;;;;
GRASS;True;0;0;0;0;WORLD_MAP.png;;;;;;
GRASS;True;0;0;0;0;WORLD_MAP.png;;;;;;
GRASS;True;0;0;0;0;WORLD_MAP.png;;;;;;
GRASS;True;0;0;0;0;WORLD_MAP.png;;;;;;
GRASS;True;0;0;0;0;WORLD_MAP.png;;;;;;
GRASS;True;0;0;0;0;WORLD_MAP.png;;;;;;
GRASS;True;0;0;0;0;WORLD_MAP.png;;;;;;
GRASS;True;0;0;0;0;WORLD_MAP.png;;;;;;
GRASS;True;0;0;0;0;WORLD_MAP.png;;;;;;
GRASS;True;0;0;0;0;WORLD_MAP.png;;;;;;
GRASS;True;0;0;0;0;WORLD_MAP.png;;;;;;
GRASS;True;0;0;0;0;WORLD_MAP.png;;;;;;
GRASS;True;0;0;0;0;WORLD_MAP.png;;;;;;
GRASS;True;0;0;0;0;WORLD_MAP.png;;;;;;
GRASS;True;0;0;0;0;WORLD_MAP.png;;;;;;
GRASS;True;0;0;0;0;WORLD_MAP.png;;;;;;
GRASS;True;0;0;0;0;WORLD_MAP.png;;;;;;
GRASS;True;0;0;0;0;WORLD_MAP.png;;;;;;
GRASS;True;0;0;0;0;WORLD_MAP.png;;;;;;
GRASS;True;0;0;0;0;WORLD_MAP.png;;;;;;
GRASS;True;0;0;0;0;WORLD_MAP.png;;;;;;
GRASS;True;0;0;0;0;WORLD_MAP.png;;;;;;
GRASS;True;0;0;0;0;WORLD_MAP.png;;;;;;
GRASS;True;0;0;0;0;WORLD_MAP.png;;;;;;
GRASS;True;0;0;0;0;WORLD_MAP.png;;;;;;
GRASS;True;0;0;0;0;WORLD_MAP.png;;;;;;
GRASS;True;0;0;0;0;WORLD_MAP.png;;;;;;
GRASS;True;0;0;0;0;WORLD_MAP.png;;;;;;
GRASS;True;0;0;0;0;WORLD_MAP.png;;;;;;
GRASS;True;0;0;0;0;WORLD_MAP.png;;;;;;
GRASS;True;0;0;0;0;WORLD_MAP.png;;;;;;
GRASS;True;0;0;0;0;WORLD_MAP.png;;;;;;
GRASS;True;0;0;0;0;WORLD_MAP.png;;;;;;
GRASS;True;0;0;0;0;WORLD_MAP.png;;;;;;
GRASS;True;0;0;0;0;WORLD_MAP.png;;;;;;
GRASS;True;0;0;0;0;WORLD_MAP.png;;;;;;
GRASS;True;0;0;0;0;WORLD_MAP.png;;;;;;
GRASS;True;0;0;0;0;WORLD_MAP.png;;;;;;
GRASS;True;0;0;0;0;WORLD_MAP.png;;;;;;
GRASS;True;0;0;0;0;WORLD_MAP.png;;;;;;
GRASS;True;0;0;0;0;WORLD_MAP.png;;;;;;
GRASS;True;0;0;0;0;WORLD_MAP.png;;;;;;
GRASS;True;0;0;0;0;WORLD_MAP.png;;;;;;
GRASS;True;0;0;0;0;WORLD_MAP.png;;;;;;
GRASS;True;0;0;0;0;WORLD_MAP.png;;;;;;
GRASS;True;0;0;0;0;WORLD_MAP.png;;;;;;
GRASS;True;0;0;0;0;WORLD_MAP.png;;;;;;
GRASS;True;0;0;0;0;WORLD_MAP.png;;;;;;
GRASS;True;0;0;0;0;WORLD_MAP.png;;;;;;
GRASS;True;0;0;0;0;WORLD_MAP.png;;;;;;
GRASS;True;0;0;0;0;WORLD_MAP.png;;;;;;
GRASS;True;0;0;0;0;WORLD_MAP.png;;;;;;
GRASS;True;0;0;0;0;WORLD_MAP.png;;;;;;
GRASS;True;0;0;0;0;WORLD_MAP.png;;;;;;
GRASS;True;0;0;0;0;WORLD_MAP.png;;;;;;
GRASS;True;0;0;0;0;WORLD_MAP.png;;;;;;
GRASS;True;0;0;0;0;WORLD_MAP.png;;;;;;
GRASS;True;0;0;0;0;WORLD_MAP.png;;;;;;
GRASS;True;0;0;0;0;WORLD_MAP.png;;;;;;
GRASS;True;0;0;0;0;WORLD_MAP.png;;;;;;
GRASS;True;0;0;0;0;WORLD_MAP.png;;;;;;
GRASS;True;0;0;0;0;WORLD_MAP.png;;;;;;
GRASS;True;0;0;0;0;WORLD_MAP.png;;;;;;
GRASS;True;0;0;0;0;WORLD_MAP.png;;;;;;
GRASS;True;0;0;0;0;WORLD_MAP.png;;;;;;
GRASS;True;0;0;0;0;WORLD_MAP.png;;;;;;
GRASS;True;0;0;0;0;WORLD_MAP.png;;;;;;
GRASS;True;0;0;0;0;WORLD_MAP.png;;;;;;
GRASS;True;0;0;0;0;WORLD_MAP.png;;;;;;
GRASS;True;0;0;0;0;WORLD_MAP.png;;;;;;
GRASS;True;0;0;0;0;WORLD_MAP.png;;;;;;
GRASS;True;0;0;0;0;WORLD_MAP.png;;;;;;
GRASS;True;0;0;0;0;WORLD_MAP.png;;;;;;
GRASS;True;0;0;0;0;WORLD_MAP.png;;;;;;
GRASS;True;0;0;0;0;WORLD_MAP.png;;;;;;
GRASS;True;0;0;0;0;WORLD_MAP.png;;;;;;
GRASS;True;0;0;0;0;WORLD_MAP.png;;;;;;
GRASS;True;0;0;0;0;WORLD_MAP.png;;;;;;
GRASS;True;0;0;0;0;WORLD_MAP.png;;;;;;
GRASS;True;0;0;0;0;WORLD_MAP.png;;;;;;
GRASS;True;0;0;0;0;WORLD_MAP.png;;;;;;
GRASS;True;0;0;0;0;WORLD_MAP.png;;;;;;
GRASS;True;0;0;0;0;WORLD_MAP.png;;;;;;
GRASS;True;0;0;0;0;WORLD_MAP.png;;;;;;
GRASS;True;0;0;0;0;WORLD_MAP.png;;;;;;
GRASS;True;0;0;0;0;WORLD_MAP.png;;;;;;
GRASS;True;0;0;0;0;WORLD_MAP.png;;;;;;
GRASS;True;0;0;0;0;WORLD_MAP.png;;;;;;
GRASS;True;0;0;0;0;WORLD_MAP.png;;;;;;
GRASS;True;0;0;0;0;WORLD_MAP.png;;;;;;
GRASS;True;0;0;0;0;WORLD_MAP.png;;;;;;
GRASS;True;0;0;0;0;WORLD_MAP.png;;;;;;
GRASS;True;0;0;0;0;WORLD_MAP.png;;;;;;
GRASS;True;0;0;0;0;WORLD_MAP.png;;;;;;
GRASS;True;0;0;0;0;WORLD_MAP.png;;;;;;
GRASS;True;0;0;0;0;WORLD_MAP.png;;;;;;
GRASS;True;0;0;0;0;WORLD_MAP.png;;;;;;
GRASS;True;0;0;0;0;WORLD_MAP.png;;;;;;
GRASS;True;0;0;0;0;WORLD_MAP.png;;;;;;
GRASS;True;0;0;0;0;WORLD_MAP.png;;;;;;
GRASS;True;0;0;0;0;WORLD_MAP.png;;;;;;
GRASS;True;0;0;0;0;WORLD_MAP.png;;;;;;
GRASS;True;0;0;0;0;WORLD_MAP.png;;;;;;
GRASS;True;0;0;0;0;WORLD_MAP.png;;;;;;
GRASS;True;0;0;0;0;WORLD_MAP.png;;;;;;
GRASS;True;0;0;0;0;WORLD_MAP.png;;;;;;
GRASS;True;0;0;0;0;WORLD_MAP.png;;;;;;
GRASS;True;0;0;0;0;WORLD_MAP.png;;;;;;
GRASS;True;0;0;0;0;WORLD_MAP.png;;;;;;
GRASS;True;0;0;0;0;WORLD_MAP.png;;;;;;
GRASS;True;0;0;0;0;WORLD_MAP.png;;;;;;
GRASS;True;0;0;0;0;WORLD_MAP.png;;;;;;
GRASS;True;0;0;0;0;WORLD_MAP.png;;;;;;
GRASS;True;0;0;0;0;WORLD_MAP.png;;;;;;
GRASS;True;0;0;0;0;WORLD_MAP.png;;;;;;
GRASS;True;0;0;0;0;WORLD_MAP.png;;;;;;
GRASS;True;0;0;0;0;WORLD_MAP.png;;;;;;
GRASS;True;0;0;0;0;WORLD_MAP.png;;;;;;
GRASS;True;0;0;0;0;WORLD_MAP.png;;;;;;
GRASS;True;0;0;0;0;WORLD_MAP.png;;;;;;
GRASS;True;0;0;0;0;WORLD_MAP.png;;;;;;
GRASS;True;0;0;0;0;WORLD_MAP.png;;;;;;
GRASS;True;0;0;0;0;WORLD_MAP.png;;;;;;
GRASS;True;0;0;0;0;WORLD_MAP.png;;;;;;
GRASS;True;0;0;0;0;WORLD_MAP.png;;;;;;
GRASS;True;0;0;0;0;WORLD_MAP.png;;;;;;
GRASS;True;0;0;0;0;WORLD_MAP.png;;;;;;
GRASS;True;0;0;0;0;WORLD_MAP.png;;;;;;
GRASS;True;0;0;0;0;WORLD_MAP.png;;;;;;
GRASS;True;0;0;0;0;WORLD_MAP.png;;;;;;
GRASS;True;0;0;0;0;WORLD_MAP.png;;;;;;
GRASS;True;0;0;0;0;WORLD_MAP.png;;;;;;
GRASS;True;0;0;0;0;WORLD_MAP.png;;;;;;
GRASS;True;0;0;0;0;WORLD_MAP.png;;;;;;
GRASS;True;0;0;0;0;WORLD_MAP.png;;;;;;
GRASS;True;0;0;0;0;WORLD_MAP.png;;;;;;
GRASS;True;0;0;0;0;WORLD_MAP.png;;;;;;
GRASS;True;0;0;0;0;WORLD_MAP.png;;;;;;
GRASS;True;0;0;0;0;WORLD_MAP.png;;;;;;
GRASS;True;0;0;0;0;WORLD_MAP.png;;;;;;
GRASS;True;0;0;0;0;WORLD_MAP.png;;;;;;
GRASS;True;0;0;0;0;WORLD_MAP.png;;;;;;
GRASS;True;0;0;0;0;WORLD_MAP.png;;;;;;
GRASS;True;0;0;0;0;WORLD_MAP.png;;;;;;
GRASS;True;0;0;0;0;WORLD_MAP.png;;;;;;
GRASS;True;0;0;0;0;WORLD_MAP.png;;;;;;
GRASS;True;0;0;0;0;WORLD_MAP.png;;;;;;
GRASS;True;0;0;0;0;WORLD_MAP.png;;;;;;
GRASS;True;0;0;0;0;WORLD_MAP.png;;;;;;
GRASS;True;0;0;0;0;WORLD_MAP.png;;;;;;
GRASS;True;0;0;0;0;WORLD_MAP.png;;;;;;
GRASS;True;0;0;0;0;WORLD_MAP.png;;;;;;
GRASS;True;0;0;0;0;WORLD_MAP.png;;;;;;
GRASS;True;0;0;0;0;WORLD_MAP.png;;;;;;
GRASS;True;0;0;0;0;WORLD_MAP.png;;;;;;
GRASS;True;0;0;0;0;WORLD_MAP.png;;;;;;
GRASS;True;0;0;0;0;WORLD_MAP.png;;;;;;
GRASS;True;0;0;0;0;WORLD_MAP.png;;;;;;
GRASS;True;0;0;0;0;WORLD_MAP.png;;;;;;
GRASS;True;0;0;0;0;WORLD_MAP.png;;;;;;
GRASS;True;0;0;0;0;WORLD_MAP.png;;;;;;
GRASS;True;0;0;0;0;WORLD_MAP.png;;;;;;
GRASS;True;0;0;0;0;WORLD_MAP.png;;;;;;
GRASS;True;0;0;0;0;WORLD_MAP.png;;;;;;
GRASS;True;0;0;0;0;WORLD_MAP.png;;;;;;
GRASS;True;0;0;0;0;WORLD_MAP.png;;;;;;
GRASS;True;0;0;0;0;WORLD_MAP.png;;;;;;
GRASS;True;0;0;0;0;WORLD_MAP.png;;;;;;
GRASS;True;0;0;0;0;WORLD_MAP.png;;;;;;
GRASS;True;0;0;0;0;WORLD_MAP.png;;;;;;
GRASS;True;0;0;0;0;WORLD_MAP.png;;;;;;
GRASS;True;0;0;0;0;WORLD_MAP.png;;;;;;
GRASS;True;0;0;0;0;WORLD_MAP.png;;;;;;
GRASS;True;0;0;0;0;WORLD_MAP.png;;;;;;
GRASS;True;0;0;0;0;WORLD_MAP.png;;;;;;
GRASS;True;0;0;0;0;WORLD_MAP.png;;;;;;
GRASS;True;0;0;0;0;WORLD_MAP.png;;;;;;
GRASS;True;0;0;0;0;WORLD_MAP.png;;;;;;
GRASS;True;0;0;0;0;WORLD_MAP.png;;;;;;
GRASS;True;0;0;0;0;WORLD_MAP.png;;;;;;
GRASS;True;0;0;0;0;WORLD_MAP.png;;;;;;
GRASS;True;0;0;0;0;WORLD_MAP.png;;;;;;
GRASS;True;0;0;0;0;WORLD_MAP.png;;;;;;
GRASS;True;0;0;0;0;WORLD_MAP.png;;;;;;
GRASS;True;0;0;0;0;WORLD_MAP.png;;;;;;
GRASS;True;0;0;0;0;WORLD_MAP.png;;;;;;
GRASS;True;0;0;0;0;WORLD_MAP.png;;;;;;
GRASS;True;0;0;0;0;WORLD_MAP.png;;;;;;
GRASS;True;0;0;0;0;WORLD_MAP.png;;;;;;
GRASS;True;0;0;0;0;WORLD_MAP.png;;;;;;
GRASS;True;0;0;0;0;WORLD_MAP.png;;;;;;
