GRASS;False;0;0;0;0;ground.jpg;;;;;;;
GRASS;False;0;0;0;32;ground.jpg;;;;;;;
GRASS;True;0;0;0;64;ground.jpg;;;;;;;
GRASS;True;0;0;0;96;ground.jpg;;;;;;;
GRASS;True;0;0;0;128;ground.jpg;;;;;;;
GRASS;True;0;0;0;160;ground.jpg;;;;;;;
GRASS;True;0;0;0;192;ground.jpg;;;;;;;
GRASS;True;0;0;0;224;ground.jpg;;;;;;;
GRASS;True;0;0;0;256;ground.jpg;;;;;;;
GRASS;True;0;0;0;288;ground.jpg;;;;;;;
GRASS;True;0;0;0;320;ground.jpg;;;;;;;
GRASS;True;0;0;0;352;ground.jpg;;;;;;;
GRASS;True;0;0;0;384;ground.jpg;;;;;;;
GRASS;True;0;0;0;416;ground.jpg;;;;;;;
GRASS;True;0;0;0;448;ground.jpg;;;;;;;
GRASS;True;0;0;0;480;ground.jpg;;;;;;;
GRASS;True;0;0;0;512;ground.jpg;;;;;;;
GRASS;True;0;0;0;544;ground.jpg;;;;;;;
GRASS;True;0;0;0;576;ground.jpg;;;;;;;
GRASS;True;0;0;0;608;ground.jpg;;;;;;;
GRASS;True;0;0;0;640;ground.jpg;;;;;;;
GRASS;True;0;0;0;672;ground.jpg;;;;;;;
GRASS;True;0;0;0;704;ground.jpg;;;;;;;
GRASS;True;0;0;0;736;ground.jpg;;;;;;;
GRASS;True;0;0;0;768;ground.jpg;;;;;;;
GRASS;True;0;0;0;800;ground.jpg;;;;;;;
GRASS;True;0;0;0;832;ground.jpg;;;;;;;
GRASS;True;0;0;0;864;ground.jpg;;;;;;;
GRASS;True;0;0;0;896;ground.jpg;;;;;;;
GRASS;True;0;0;0;928;ground.jpg;;;;;;;
GRASS;True;0;0;32;0;ground.jpg;;;;;;;
GRASS;True;0;0;32;32;ground.jpg;;;;;;;
GRASS;True;0;0;32;64;ground.jpg;;;;;;;
GRASS;True;0;0;32;96;ground.jpg;;;;;;;
GRASS;True;0;0;32;128;ground.jpg;;;;;;;
GRASS;True;0;0;32;160;ground.jpg;;;;;;;
GRASS;True;0;0;32;192;ground.jpg;;;;;;;
GRASS;True;0;0;32;224;ground.jpg;;;;;;;
GRASS;True;0;0;32;256;ground.jpg;;;;;;;
GRASS;True;0;0;32;288;ground.jpg;;;;;;;
GRASS;True;0;0;32;320;ground.jpg;;;;;;;
GRASS;True;0;0;32;352;ground.jpg;;;;;;;
GRASS;True;0;0;32;384;ground.jpg;;;;;;;
GRASS;True;0;0;32;416;ground.jpg;;;;;;;
GRASS;True;0;0;32;448;ground.jpg;;;;;;;
GRASS;True;0;0;32;480;ground.jpg;;;;;;;
GRASS;True;0;0;32;512;ground.jpg;;;;;;;
GRASS;True;0;0;32;544;ground.jpg;;;;;;;
GRASS;True;0;0;32;576;ground.jpg;;;;;;;
GRASS;True;0;0;32;608;ground.jpg;;;;;;;
GRASS;True;0;0;32;640;ground.jpg;;;;;;;
GRASS;True;0;0;32;672;ground.jpg;;;;;;;
GRASS;True;0;0;32;704;ground.jpg;;;;;;;
GRASS;True;0;0;32;736;ground.jpg;;;;;;;
GRASS;True;0;0;32;768;ground.jpg;;;;;;;
GRASS;True;0;0;32;800;ground.jpg;;;;;;;
GRASS;True;0;0;32;832;ground.jpg;;;;;;;
GRASS;True;0;0;32;864;ground.jpg;;;;;;;
GRASS;True;0;0;32;896;ground.jpg;;;;;;;
GRASS;True;0;0;32;928;ground.jpg;;;;;;;
GRASS;True;0;0;64;0;ground.jpg;;;;;;;
GRASS;True;0;0;64;32;ground.jpg;;;;;;;
GRASS;True;0;0;64;64;ground.jpg;;;;;;;
GRASS;True;0;0;64;96;ground.jpg;;;;;;;
GRASS;True;0;0;64;128;ground.jpg;;;;;;;
GRASS;True;0;0;64;160;ground.jpg;;;;;;;
GRASS;True;0;0;64;192;ground.jpg;;;;;;;
GRASS;True;0;0;64;224;ground.jpg;;;;;;;
GRASS;True;0;0;64;256;ground.jpg;;;;;;;
GRASS;True;0;0;64;288;ground.jpg;;;;;;;
GRASS;True;0;0;64;320;ground.jpg;;;;;;;
GRASS;True;0;0;64;352;ground.jpg;;;;;;;
GRASS;True;0;0;64;384;ground.jpg;;;;;;;
GRASS;True;0;0;64;416;ground.jpg;;;;;;;
GRASS;True;0;0;64;448;ground.jpg;;;;;;;
GRASS;True;0;0;64;480;ground.jpg;;;;;;;
GRASS;True;0;0;64;512;ground.jpg;;;;;;;
GRASS;True;0;0;64;544;ground.jpg;;;;;;;
GRASS;True;0;0;64;576;ground.jpg;;;;;;;
GRASS;True;0;0;64;608;ground.jpg;;;;;;;
GRASS;True;0;0;64;640;ground.jpg;;;;;;;
GRASS;True;0;0;64;672;ground.jpg;;;;;;;
GRASS;True;0;0;64;704;ground.jpg;;;;;;;
GRASS;True;0;0;64;736;ground.jpg;;;;;;;
GRASS;True;0;0;64;768;ground.jpg;;;;;;;
GRASS;True;0;0;64;800;ground.jpg;;;;;;;
GRASS;True;0;0;64;832;ground.jpg;;;;;;;
GRASS;True;0;0;64;864;ground.jpg;;;;;;;
GRASS;True;0;0;64;896;ground.jpg;;;;;;;
GRASS;True;0;0;64;928;ground.jpg;;;;;;;
GRASS;True;0;0;96;0;ground.jpg;;;;;;;
GRASS;True;0;0;96;32;ground.jpg;;;;;;;
GRASS;True;0;0;96;64;ground.jpg;;;;;;;
GRASS;True;0;0;96;96;ground.jpg;;;;;;;
GRASS;True;0;0;96;128;ground.jpg;;;;;;;
GRASS;True;0;0;96;160;ground.jpg;;;;;;;
GRASS;True;0;0;96;192;ground.jpg;;;;;;;
GRASS;True;0;0;96;224;ground.jpg;;;;;;;
GRASS;True;0;0;96;256;ground.jpg;;;;;;;
GRASS;True;0;0;96;288;ground.jpg;;;;;;;
GRASS;True;0;0;96;320;ground.jpg;;;;;;;
GRASS;True;0;0;96;352;ground.jpg;;;;;;;
GRASS;True;0;0;96;384;ground.jpg;;;;;;;
GRASS;True;0;0;96;416;ground.jpg;;;;;;;
GRASS;True;0;0;96;448;ground.jpg;;;;;;;
GRASS;True;0;0;96;480;ground.jpg;;;;;;;
GRASS;True;0;0;96;512;ground.jpg;;;;;;;
GRASS;True;0;0;96;544;ground.jpg;;;;;;;
GRASS;True;0;0;96;576;ground.jpg;;;;;;;
GRASS;True;0;0;96;608;ground.jpg;;;;;;;
GRASS;True;0;0;96;640;ground.jpg;;;;;;;
GRASS;True;0;0;96;672;ground.jpg;;;;;;;
GRASS;True;0;0;96;704;ground.jpg;;;;;;;
GRASS;True;0;0;96;736;ground.jpg;;;;;;;
GRASS;True;0;0;96;768;ground.jpg;;;;;;;
GRASS;True;0;0;96;800;ground.jpg;;;;;;;
GRASS;False;0;0;96;832;ground.jpg;0;0;WORLD_MAP.png;TREE;;;
GRASS;True;0;0;96;864;ground.jpg;0;32;WORLD_MAP.png;TREE;;;
GRASS;True;0;0;96;896;ground.jpg;;;;;;;
GRASS;True;0;0;96;928;ground.jpg;;;;;;;
GRASS;True;0;0;128;0;ground.jpg;;;;;;;
GRASS;True;0;0;128;32;ground.jpg;;;;;;;
GRASS;True;0;0;128;64;ground.jpg;;;;;;;
GRASS;True;0;0;128;96;ground.jpg;;;;;;;
GRASS;True;0;0;128;128;ground.jpg;;;;;;;
GRASS;True;0;0;128;160;ground.jpg;;;;;;;
GRASS;True;0;0;128;192;ground.jpg;;;;;;;
GRASS;True;0;0;128;224;ground.jpg;;;;;;;
GRASS;True;0;0;128;256;ground.jpg;;;;;;;
GRASS;True;0;0;128;288;ground.jpg;;;;;;;
GRASS;True;0;0;128;320;ground.jpg;;;;;;;
GRASS;False;0;0;128;352;ground.jpg;64;320;WORLD_MAP.png;FIRST-NPC;NPC;True;
GRASS;True;0;0;128;384;ground.jpg;;;;;;;
GRASS;True;0;0;128;416;ground.jpg;;;;;;;
GRASS;True;0;0;128;448;ground.jpg;;;;;;;
GRASS;True;0;0;128;480;ground.jpg;;;;;;;
GRASS;True;0;0;128;512;ground.jpg;;;;;;;
GRASS;True;0;0;128;544;ground.jpg;;;;;;;
GRASS;True;0;0;128;576;ground.jpg;;;;;;;
GRASS;True;0;0;128;608;ground.jpg;;;;;;;
GRASS;True;0;0;128;640;ground.jpg;;;;;;;
GRASS;True;0;0;128;672;ground.jpg;;;;;;;
GRASS;True;0;0;128;704;ground.jpg;;;;;;;
GRASS;True;0;0;128;736;ground.jpg;;;;;;;
GRASS;True;0;0;128;768;ground.jpg;;;;;;;
GRASS;True;0;0;128;800;ground.jpg;;;;;;;
GRASS;True;0;0;128;832;ground.jpg;;;;;;;
GRASS;True;0;0;128;864;ground.jpg;;;;;;;
GRASS;True;0;0;128;896;ground.jpg;;;;;;;
GRASS;True;0;0;128;928;ground.jpg;;;;;;;
GRASS;True;0;0;160;0;ground.jpg;;;;;;;
GRASS;True;0;0;160;32;ground.jpg;;;;;;;
GRASS;True;0;0;160;64;ground.jpg;;;;;;;
GRASS;True;0;0;160;96;ground.jpg;;;;;;;
GRASS;True;0;0;160;128;ground.jpg;;;;;;;
GRASS;True;0;0;160;160;ground.jpg;;;;;;;
GRASS;True;0;0;160;192;ground.jpg;;;;;;;
GRASS;True;0;0;160;224;ground.jpg;;;;;;;
GRASS;True;0;0;160;256;ground.jpg;;;;;;;
GRASS;True;0;0;160;288;ground.jpg;;;;;;;
GRASS;True;0;0;160;320;ground.jpg;;;;;;;
GRASS;True;0;0;160;352;ground.jpg;;;;;;;
GRASS;True;0;0;160;384;ground.jpg;;;;;;;
GRASS;True;0;0;160;416;ground.jpg;;;;;;;
GRASS;True;0;0;160;448;ground.jpg;;;;;;;
GRASS;True;0;0;160;480;ground.jpg;;;;;;;
GRASS;True;0;0;160;512;ground.jpg;;;;;;;
GRASS;True;0;0;160;544;ground.jpg;;;;;;;
GRASS;True;0;0;160;576;ground.jpg;;;;;;;
GRASS;True;0;0;160;608;ground.jpg;;;;;;;
GRASS;True;0;0;160;640;ground.jpg;;;;;;;
GRASS;True;0;0;160;672;ground.jpg;;;;;;;
GRASS;True;0;0;160;704;ground.jpg;;;;;;;
GRASS;True;0;0;160;736;ground.jpg;;;;;;;
GRASS;True;0;0;160;768;ground.jpg;;;;;;;
GRASS;True;0;0;160;800;ground.jpg;;;;;;;
GRASS;True;0;0;160;832;ground.jpg;;;;;;;
GRASS;True;0;0;160;864;ground.jpg;;;;;;;
GRASS;True;0;0;160;896;ground.jpg;;;;;;;
GRASS;True;0;0;160;928;ground.jpg;;;;;;;
GRASS;True;0;0;192;0;ground.jpg;;;;;;;
GRASS;True;0;0;192;32;ground.jpg;;;;;;;
GRASS;True;0;0;192;64;ground.jpg;;;;;;;
GRASS;True;0;0;192;96;ground.jpg;;;;;;;
GRASS;True;0;0;192;128;ground.jpg;;;;;;;
GRASS;True;0;0;192;160;ground.jpg;;;;;;;
GRASS;True;0;0;192;192;ground.jpg;;;;;;;
GRASS;True;0;0;192;224;ground.jpg;;;;;;;
GRASS;True;0;0;192;256;ground.jpg;;;;;;;
GRASS;True;0;0;192;288;ground.jpg;;;;;;;
GRASS;True;0;0;192;320;ground.jpg;;;;;;;
GRASS;True;0;0;192;352;ground.jpg;;;;;;;
GRASS;True;0;0;192;384;ground.jpg;;;;;;;
GRASS;True;0;0;192;416;ground.jpg;;;;;;;
GRASS;True;0;0;192;448;ground.jpg;;;;;;;
GRASS;True;0;0;192;480;ground.jpg;;;;;;;
GRASS;True;0;0;192;512;ground.jpg;;;;;;;
GRASS;True;0;0;192;544;ground.jpg;;;;;;;
GRASS;True;0;0;192;576;ground.jpg;;;;;;;
GRASS;True;0;0;192;608;ground.jpg;;;;;;;
GRASS;True;0;0;192;640;ground.jpg;;;;;;;
GRASS;True;0;0;192;672;ground.jpg;;;;;;;
GRASS;True;0;0;192;704;ground.jpg;;;;;;;
GRASS;True;0;0;192;736;ground.jpg;;;;;;;
GRASS;True;0;0;192;768;ground.jpg;;;;;;;
GRASS;True;0;0;192;800;ground.jpg;;;;;;;
GRASS;True;0;0;192;832;ground.jpg;;;;;;;
GRASS;True;0;0;192;864;ground.jpg;;;;;;;
GRASS;True;0;0;192;896;ground.jpg;;;;;;;
GRASS;True;0;0;192;928;ground.jpg;;;;;;;
GRASS;True;0;0;224;0;ground.jpg;;;;;;;
GRASS;True;0;0;224;32;ground.jpg;;;;;;;
GRASS;True;0;0;224;64;ground.jpg;;;;;;;
GRASS;True;0;0;224;96;ground.jpg;;;;;;;
GRASS;True;0;0;224;128;ground.jpg;;;;;;;
GRASS;True;0;0;224;160;ground.jpg;;;;;;;
GRASS;True;0;0;224;192;ground.jpg;;;;;;;
GRASS;True;0;0;224;224;ground.jpg;;;;;;;
GRASS;True;0;0;224;256;ground.jpg;;;;;;;
GRASS;True;0;0;224;288;ground.jpg;;;;;;;
GRASS;True;0;0;224;320;ground.jpg;;;;;;;
GRASS;True;0;0;224;352;ground.jpg;;;;;;;
GRASS;True;0;0;224;384;ground.jpg;;;;;;;
GRASS;True;0;0;224;416;ground.jpg;;;;;;;
GRASS;True;0;0;224;448;ground.jpg;;;;;;;
GRASS;True;0;0;224;480;ground.jpg;;;;;;;
GRASS;True;0;0;224;512;ground.jpg;;;;;;;
GRASS;True;0;0;224;544;ground.jpg;;;;;;;
GRASS;True;0;0;224;576;ground.jpg;;;;;;;
GRASS;True;0;0;224;608;ground.jpg;;;;;;;
GRASS;True;0;0;224;640;ground.jpg;;;;;;;
GRASS;True;0;0;224;672;ground.jpg;;;;;;;
GRASS;True;0;0;224;704;ground.jpg;;;;;;;
GRASS;True;0;0;224;736;ground.jpg;;;;;;;
GRASS;True;0;0;224;768;ground.jpg;;;;;;;
GRASS;True;0;0;224;800;ground.jpg;;;;;;;
GRASS;True;0;0;224;832;ground.jpg;;;;;;;
GRASS;True;0;0;224;864;ground.jpg;;;;;;;
GRASS;True;0;0;224;896;ground.jpg;;;;;;;
GRASS;True;0;0;224;928;ground.jpg;;;;;;;
GRASS;True;0;0;256;0;ground.jpg;;;;;;;
GRASS;True;0;0;256;32;ground.jpg;;;;;;;
GRASS;True;0;0;256;64;ground.jpg;;;;;;;
GRASS;True;0;0;256;96;ground.jpg;;;;;;;
GRASS;True;0;0;256;128;ground.jpg;;;;;;;
GRASS;True;0;0;256;160;ground.jpg;;;;;;;
GRASS;True;0;0;256;192;ground.jpg;;;;;;;
GRASS;True;0;0;256;224;ground.jpg;;;;;;;
GRASS;True;0;0;256;256;ground.jpg;;;;;;;
GRASS;True;0;0;256;288;ground.jpg;;;;;;;
GRASS;True;0;0;256;320;ground.jpg;;;;;;;
GRASS;True;0;0;256;352;ground.jpg;;;;;;;
GRASS;True;0;0;256;384;ground.jpg;;;;;;;
GRASS;True;0;0;256;416;ground.jpg;;;;;;;
GRASS;True;0;0;256;448;ground.jpg;;;;;;;
GRASS;True;0;0;256;480;ground.jpg;;;;;;;
GRASS;True;0;0;256;512;ground.jpg;;;;;;;
GRASS;True;0;0;256;544;ground.jpg;;;;;;;
GRASS;True;0;0;256;576;ground.jpg;;;;;;;
GRASS;True;0;0;256;608;ground.jpg;;;;;;;
GRASS;True;0;0;256;640;ground.jpg;;;;;;;
GRASS;True;0;0;256;672;ground.jpg;;;;;;;
GRASS;True;0;0;256;704;ground.jpg;;;;;;;
GRASS;True;0;0;256;736;ground.jpg;;;;;;;
GRASS;True;0;0;256;768;ground.jpg;;;;;;;
GRASS;True;0;0;256;800;ground.jpg;;;;;;;
GRASS;True;0;0;256;832;ground.jpg;;;;;;;
GRASS;True;0;0;256;864;ground.jpg;;;;;;;
GRASS;True;0;0;256;896;ground.jpg;;;;;;;
GRASS;True;0;0;256;928;ground.jpg;;;;;;;
GRASS;True;0;0;288;0;ground.jpg;;;;;;;
GRASS;True;0;0;288;32;ground.jpg;;;;;;;
GRASS;True;0;0;288;64;ground.jpg;;;;;;;
GRASS;True;0;0;288;96;ground.jpg;;;;;;;
GRASS;True;0;0;288;128;ground.jpg;;;;;;;
GRASS;True;0;0;288;160;ground.jpg;;;;;;;
GRASS;True;0;0;288;192;ground.jpg;;;;;;;
GRASS;True;0;0;288;224;ground.jpg;;;;;;;
GRASS;True;0;0;288;256;ground.jpg;;;;;;;
GRASS;True;0;0;288;288;ground.jpg;;;;;;;
GRASS;True;0;0;288;320;ground.jpg;;;;;;;
GRASS;True;0;0;288;352;ground.jpg;;;;;;;
GRASS;True;0;0;288;384;ground.jpg;;;;;;;
GRASS;True;0;0;288;416;ground.jpg;;;;;;;
GRASS;True;0;0;288;448;ground.jpg;;;;;;;
GRASS;True;0;0;288;480;ground.jpg;;;;;;;
GRASS;True;0;0;288;512;ground.jpg;;;;;;;
GRASS;True;0;0;288;544;ground.jpg;;;;;;;
GRASS;True;0;0;288;576;ground.jpg;;;;;;;
GRASS;True;0;0;288;608;ground.jpg;;;;;;;
GRASS;True;0;0;288;640;ground.jpg;;;;;;;
GRASS;True;0;0;288;672;ground.jpg;;;;;;;
GRASS;True;0;0;288;704;ground.jpg;;;;;;;
GRASS;True;0;0;288;736;ground.jpg;;;;;;;
GRASS;True;0;0;288;768;ground.jpg;;;;;;;
GRASS;True;0;0;288;800;ground.jpg;;;;;;;
GRASS;True;0;0;288;832;ground.jpg;;;;;;;
GRASS;True;0;0;288;864;ground.jpg;;;;;;;
GRASS;True;0;0;288;896;ground.jpg;;;;;;;
GRASS;True;0;0;288;928;ground.jpg;;;;;;;
GRASS;True;0;0;320;0;ground.jpg;;;;;;;
GRASS;True;0;0;320;32;ground.jpg;;;;;;;
GRASS;True;0;0;320;64;ground.jpg;;;;;;;
GRASS;True;0;0;320;96;ground.jpg;;;;;;;
GRASS;True;0;0;320;128;ground.jpg;;;;;;;
GRASS;True;0;0;320;160;ground.jpg;;;;;;;
GRASS;True;0;0;320;192;ground.jpg;;;;;;;
GRASS;True;0;0;320;224;ground.jpg;;;;;;;
GRASS;True;0;0;320;256;ground.jpg;;;;;;;
GRASS;True;0;0;320;288;ground.jpg;;;;;;;
GRASS;True;0;0;320;320;ground.jpg;;;;;;;
GRASS;True;0;0;320;352;ground.jpg;;;;;;;
GRASS;True;0;0;320;384;ground.jpg;;;;;;;
GRASS;True;0;0;320;416;ground.jpg;;;;;;;
GRASS;True;0;0;320;448;ground.jpg;;;;;;;
GRASS;True;0;0;320;480;ground.jpg;;;;;;;
GRASS;True;0;0;320;512;ground.jpg;;;;;;;
GRASS;True;0;0;320;544;ground.jpg;;;;;;;
GRASS;True;0;0;320;576;ground.jpg;;;;;;;
GRASS;True;0;0;320;608;ground.jpg;;;;;;;
GRASS;True;0;0;320;640;ground.jpg;;;;;;;
GRASS;True;0;0;320;672;ground.jpg;;;;;;;
GRASS;True;0;0;320;704;ground.jpg;;;;;;;
GRASS;True;0;0;320;736;ground.jpg;;;;;;;
GRASS;True;0;0;320;768;ground.jpg;;;;;;;
GRASS;True;0;0;320;800;ground.jpg;;;;;;;
GRASS;True;0;0;320;832;ground.jpg;;;;;;;
GRASS;True;0;0;320;864;ground.jpg;;;;;;;
GRASS;True;0;0;320;896;ground.jpg;;;;;;;
GRASS;True;0;0;320;928;ground.jpg;;;;;;;
GRASS;True;0;0;352;0;ground.jpg;;;;;;;
GRASS;True;0;0;352;32;ground.jpg;;;;;;;
GRASS;True;0;0;352;64;ground.jpg;;;;;;;
GRASS;True;0;0;352;96;ground.jpg;;;;;;;
GRASS;True;0;0;352;128;ground.jpg;;;;;;;
GRASS;True;0;0;352;160;ground.jpg;;;;;;;
GRASS;True;0;0;352;192;ground.jpg;;;;;;;
GRASS;True;0;0;352;224;ground.jpg;;;;;;;
GRASS;True;0;0;352;256;ground.jpg;;;;;;;
GRASS;True;0;0;352;288;ground.jpg;;;;;;;
GRASS;True;0;0;352;320;ground.jpg;;;;;;;
GRASS;True;0;0;352;352;ground.jpg;;;;;;;
GRASS;True;0;0;352;384;ground.jpg;;;;;;;
GRASS;True;0;0;352;416;ground.jpg;;;;;;;
GRASS;True;0;0;352;448;ground.jpg;;;;;;;
GRASS;True;0;0;352;480;ground.jpg;;;;;;;
GRASS;True;0;0;352;512;ground.jpg;;;;;;;
GRASS;True;0;0;352;544;ground.jpg;;;;;;;
GRASS;True;0;0;352;576;ground.jpg;;;;;;;
GRASS;True;0;0;352;608;ground.jpg;;;;;;;
GRASS;True;0;0;352;640;ground.jpg;;;;;;;
GRASS;True;0;0;352;672;ground.jpg;;;;;;;
GRASS;True;0;0;352;704;ground.jpg;;;;;;;
GRASS;True;0;0;352;736;ground.jpg;;;;;;;
GRASS;True;0;0;352;768;ground.jpg;;;;;;;
GRASS;True;0;0;352;800;ground.jpg;;;;;;;
GRASS;True;0;0;352;832;ground.jpg;;;;;;;
GRASS;True;0;0;352;864;ground.jpg;;;;;;;
GRASS;True;0;0;352;896;ground.jpg;;;;;;;
GRASS;True;0;0;352;928;ground.jpg;;;;;;;
GRASS;True;0;0;384;0;ground.jpg;;;;;;;
GRASS;True;0;0;384;32;ground.jpg;;;;;;;
GRASS;True;0;0;384;64;ground.jpg;;;;;;;
GRASS;True;0;0;384;96;ground.jpg;;;;;;;
GRASS;True;0;0;384;128;ground.jpg;;;;;;;
GRASS;True;0;0;384;160;ground.jpg;;;;;;;
GRASS;True;0;0;384;192;ground.jpg;;;;;;;
GRASS;True;0;0;384;224;ground.jpg;;;;;;;
GRASS;True;0;0;384;256;ground.jpg;;;;;;;
GRASS;True;0;0;384;288;ground.jpg;;;;;;;
GRASS;True;0;0;384;320;ground.jpg;;;;;;;
GRASS;True;0;0;384;352;ground.jpg;;;;;;;
GRASS;True;0;0;384;384;ground.jpg;;;;;;;
GRASS;True;0;0;384;416;ground.jpg;;;;;;;
GRASS;True;0;0;384;448;ground.jpg;;;;;;;
GRASS;True;0;0;384;480;ground.jpg;;;;;;;
GRASS;True;0;0;384;512;ground.jpg;;;;;;;
GRASS;True;0;0;384;544;ground.jpg;;;;;;;
GRASS;True;0;0;384;576;ground.jpg;;;;;;;
GRASS;True;0;0;384;608;ground.jpg;;;;;;;
GRASS;True;0;0;384;640;ground.jpg;;;;;;;
GRASS;True;0;0;384;672;ground.jpg;;;;;;;
GRASS;True;0;0;384;704;ground.jpg;;;;;;;
GRASS;True;0;0;384;736;ground.jpg;;;;;;;
GRASS;True;0;0;384;768;ground.jpg;;;;;;;
GRASS;True;0;0;384;800;ground.jpg;;;;;;;
GRASS;True;0;0;384;832;ground.jpg;;;;;;;
GRASS;True;0;0;384;864;ground.jpg;;;;;;;
GRASS;True;0;0;384;896;ground.jpg;;;;;;;
GRASS;True;0;0;384;928;ground.jpg;;;;;;;
GRASS;True;0;0;416;0;ground.jpg;;;;;;;
GRASS;True;0;0;416;32;ground.jpg;;;;;;;
GRASS;True;0;0;416;64;ground.jpg;;;;;;;
GRASS;True;0;0;416;96;ground.jpg;;;;;;;
GRASS;True;0;0;416;128;ground.jpg;;;;;;;
GRASS;True;0;0;416;160;ground.jpg;;;;;;;
GRASS;True;0;0;416;192;ground.jpg;;;;;;;
GRASS;True;0;0;416;224;ground.jpg;;;;;;;
GRASS;True;0;0;416;256;ground.jpg;;;;;;;
GRASS;True;0;0;416;288;ground.jpg;;;;;;;
GRASS;True;0;0;416;320;ground.jpg;;;;;;;
GRASS;True;0;0;416;352;ground.jpg;;;;;;;
GRASS;True;0;0;416;384;ground.jpg;;;;;;;
GRASS;True;0;0;416;416;ground.jpg;;;;;;;
GRASS;True;0;0;416;448;ground.jpg;;;;;;;
GRASS;True;0;0;416;480;ground.jpg;;;;;;;
GRASS;True;0;0;416;512;ground.jpg;;;;;;;
GRASS;True;0;0;416;544;ground.jpg;;;;;;;
GRASS;True;0;0;416;576;ground.jpg;;;;;;;
GRASS;True;0;0;416;608;ground.jpg;;;;;;;
GRASS;True;0;0;416;640;ground.jpg;;;;;;;
GRASS;True;0;0;416;672;ground.jpg;;;;;;;
GRASS;True;0;0;416;704;ground.jpg;;;;;;;
GRASS;True;0;0;416;736;ground.jpg;;;;;;;
GRASS;True;0;0;416;768;ground.jpg;;;;;;;
GRASS;True;0;0;416;800;ground.jpg;;;;;;;
GRASS;True;0;0;416;832;ground.jpg;;;;;;;
GRASS;True;0;0;416;864;ground.jpg;;;;;;;
GRASS;True;0;0;416;896;ground.jpg;;;;;;;
GRASS;True;0;0;416;928;ground.jpg;;;;;;;
GRASS;True;0;0;448;0;ground.jpg;;;;;;;
GRASS;True;0;0;448;32;ground.jpg;;;;;;;
GRASS;True;0;0;448;64;ground.jpg;;;;;;;
GRASS;True;0;0;448;96;ground.jpg;;;;;;;
GRASS;True;0;0;448;128;ground.jpg;;;;;;;
GRASS;True;0;0;448;160;ground.jpg;;;;;;;
GRASS;True;0;0;448;192;ground.jpg;;;;;;;
GRASS;True;0;0;448;224;ground.jpg;;;;;;;
GRASS;True;0;0;448;256;ground.jpg;;;;;;;
GRASS;True;0;0;448;288;ground.jpg;;;;;;;
GRASS;True;0;0;448;320;ground.jpg;;;;;;;
GRASS;True;0;0;448;352;ground.jpg;;;;;;;
GRASS;True;0;0;448;384;ground.jpg;;;;;;;
GRASS;True;0;0;448;416;ground.jpg;;;;;;;
GRASS;True;0;0;448;448;ground.jpg;;;;;;;
GRASS;True;0;0;448;480;ground.jpg;;;;;;;
GRASS;True;0;0;448;512;ground.jpg;;;;;;;
GRASS;True;0;0;448;544;ground.jpg;;;;;;;
GRASS;True;0;0;448;576;ground.jpg;;;;;;;
GRASS;True;0;0;448;608;ground.jpg;;;;;;;
GRASS;True;0;0;448;640;ground.jpg;;;;;;;
GRASS;True;0;0;448;672;ground.jpg;;;;;;;
GRASS;True;0;0;448;704;ground.jpg;;;;;;;
GRASS;True;0;0;448;736;ground.jpg;;;;;;;
GRASS;True;0;0;448;768;ground.jpg;;;;;;;
GRASS;True;0;0;448;800;ground.jpg;;;;;;;
GRASS;True;0;0;448;832;ground.jpg;;;;;;;
GRASS;True;0;0;448;864;ground.jpg;;;;;;;
GRASS;True;0;0;448;896;ground.jpg;;;;;;;
GRASS;True;0;0;448;928;ground.jpg;;;;;;;
GRASS;True;0;0;480;0;ground.jpg;;;;;;;
GRASS;True;0;0;480;32;ground.jpg;;;;;;;
GRASS;True;0;0;480;64;ground.jpg;;;;;;;
GRASS;True;0;0;480;96;ground.jpg;;;;;;;
GRASS;True;0;0;480;128;ground.jpg;;;;;;;
GRASS;True;0;0;480;160;ground.jpg;;;;;;;
GRASS;True;0;0;480;192;ground.jpg;;;;;;;
GRASS;True;0;0;480;224;ground.jpg;;;;;;;
GRASS;True;0;0;480;256;ground.jpg;;;;;;;
GRASS;True;0;0;480;288;ground.jpg;;;;;;;
GRASS;True;0;0;480;320;ground.jpg;;;;;;;
GRASS;True;0;0;480;352;ground.jpg;;;;;;;
GRASS;True;0;0;480;384;ground.jpg;;;;;;;
GRASS;True;0;0;480;416;ground.jpg;;;;;;;
GRASS;True;0;0;480;448;ground.jpg;;;;;;;
GRASS;True;0;0;480;480;ground.jpg;;;;;;;
GRASS;True;0;0;480;512;ground.jpg;;;;;;;
GRASS;True;0;0;480;544;ground.jpg;;;;;;;
GRASS;True;0;0;480;576;ground.jpg;;;;;;;
GRASS;True;0;0;480;608;ground.jpg;;;;;;;
GRASS;True;0;0;480;640;ground.jpg;;;;;;;
GRASS;True;0;0;480;672;ground.jpg;;;;;;;
GRASS;True;0;0;480;704;ground.jpg;;;;;;;
GRASS;True;0;0;480;736;ground.jpg;;;;;;;
GRASS;True;0;0;480;768;ground.jpg;;;;;;;
GRASS;True;0;0;480;800;ground.jpg;;;;;;;
GRASS;True;0;0;480;832;ground.jpg;;;;;;;
GRASS;True;0;0;480;864;ground.jpg;;;;;;;
GRASS;True;0;0;480;896;ground.jpg;;;;;;;
GRASS;True;0;0;480;928;ground.jpg;;;;;;;
GRASS;True;0;0;512;0;ground.jpg;;;;;;;
GRASS;True;0;0;512;32;ground.jpg;;;;;;;
GRASS;True;0;0;512;64;ground.jpg;;;;;;;
GRASS;True;0;0;512;96;ground.jpg;;;;;;;
GRASS;True;0;0;512;128;ground.jpg;;;;;;;
GRASS;True;0;0;512;160;ground.jpg;;;;;;;
GRASS;True;0;0;512;192;ground.jpg;;;;;;;
GRASS;True;0;0;512;224;ground.jpg;;;;;;;
GRASS;True;0;0;512;256;ground.jpg;;;;;;;
GRASS;True;0;0;512;288;ground.jpg;;;;;;;
GRASS;True;0;0;512;320;ground.jpg;;;;;;;
GRASS;True;0;0;512;352;ground.jpg;;;;;;;
GRASS;True;0;0;512;384;ground.jpg;;;;;;;
GRASS;True;0;0;512;416;ground.jpg;;;;;;;
GRASS;True;0;0;512;448;ground.jpg;;;;;;;
GRASS;True;0;0;512;480;ground.jpg;;;;;;;
GRASS;True;0;0;512;512;ground.jpg;;;;;;;
GRASS;True;0;0;512;544;ground.jpg;;;;;;;
GRASS;True;0;0;512;576;ground.jpg;;;;;;;
GRASS;True;0;0;512;608;ground.jpg;;;;;;;
GRASS;True;0;0;512;640;ground.jpg;;;;;;;
GRASS;True;0;0;512;672;ground.jpg;;;;;;;
GRASS;True;0;0;512;704;ground.jpg;;;;;;;
GRASS;True;0;0;512;736;ground.jpg;;;;;;;
GRASS;True;0;0;512;768;ground.jpg;;;;;;;
GRASS;True;0;0;512;800;ground.jpg;;;;;;;
GRASS;True;0;0;512;832;ground.jpg;;;;;;;
GRASS;True;0;0;512;864;ground.jpg;;;;;;;
GRASS;True;0;0;512;896;ground.jpg;;;;;;;
GRASS;True;0;0;512;928;ground.jpg;;;;;;;
GRASS;True;0;0;544;0;ground.jpg;;;;;;;
GRASS;True;0;0;544;32;ground.jpg;;;;;;;
GRASS;True;0;0;544;64;ground.jpg;;;;;;;
GRASS;True;0;0;544;96;ground.jpg;;;;;;;
GRASS;True;0;0;544;128;ground.jpg;;;;;;;
GRASS;True;0;0;544;160;ground.jpg;;;;;;;
GRASS;True;0;0;544;192;ground.jpg;;;;;;;
GRASS;True;0;0;544;224;ground.jpg;;;;;;;
GRASS;True;0;0;544;256;ground.jpg;;;;;;;
GRASS;True;0;0;544;288;ground.jpg;;;;;;;
GRASS;True;0;0;544;320;ground.jpg;;;;;;;
GRASS;True;0;0;544;352;ground.jpg;;;;;;;
GRASS;True;0;0;544;384;ground.jpg;;;;;;;
GRASS;True;0;0;544;416;ground.jpg;;;;;;;
GRASS;True;0;0;544;448;ground.jpg;;;;;;;
GRASS;True;0;0;544;480;ground.jpg;;;;;;;
GRASS;True;0;0;544;512;ground.jpg;;;;;;;
GRASS;True;0;0;544;544;ground.jpg;;;;;;;
GRASS;True;0;0;544;576;ground.jpg;;;;;;;
GRASS;True;0;0;544;608;ground.jpg;;;;;;;
GRASS;True;0;0;544;640;ground.jpg;;;;;;;
GRASS;True;0;0;544;672;ground.jpg;;;;;;;
GRASS;True;0;0;544;704;ground.jpg;;;;;;;
GRASS;True;0;0;544;736;ground.jpg;;;;;;;
GRASS;True;0;0;544;768;ground.jpg;;;;;;;
GRASS;True;0;0;544;800;ground.jpg;;;;;;;
GRASS;True;0;0;544;832;ground.jpg;;;;;;;
GRASS;True;0;0;544;864;ground.jpg;;;;;;;
GRASS;True;0;0;544;896;ground.jpg;;;;;;;
GRASS;True;0;0;544;928;ground.jpg;;;;;;;
GRASS;True;0;0;576;0;ground.jpg;;;;;;;
GRASS;True;0;0;576;32;ground.jpg;;;;;;;
GRASS;True;0;0;576;64;ground.jpg;;;;;;;
GRASS;True;0;0;576;96;ground.jpg;;;;;;;
GRASS;True;0;0;576;128;ground.jpg;;;;;;;
GRASS;True;0;0;576;160;ground.jpg;;;;;;;
GRASS;True;0;0;576;192;ground.jpg;;;;;;;
GRASS;True;0;0;576;224;ground.jpg;;;;;;;
GRASS;True;0;0;576;256;ground.jpg;;;;;;;
GRASS;True;0;0;576;288;ground.jpg;;;;;;;
GRASS;True;0;0;576;320;ground.jpg;;;;;;;
GRASS;True;0;0;576;352;ground.jpg;;;;;;;
GRASS;True;0;0;576;384;ground.jpg;;;;;;;
GRASS;True;0;0;576;416;ground.jpg;;;;;;;
GRASS;True;0;0;576;448;ground.jpg;;;;;;;
GRASS;True;0;0;576;480;ground.jpg;;;;;;;
GRASS;True;0;0;576;512;ground.jpg;;;;;;;
GRASS;True;0;0;576;544;ground.jpg;;;;;;;
GRASS;False;0;0;576;576;ground.jpg;0;320;WORLD_MAP.png;TOWER_SKULL;PORTAL;
GRASS;False;0;0;576;608;ground.jpg;0;352;WORLD_MAP.png;TOWER_SKULL;PORTAL;
GRASS;True;0;0;576;640;ground.jpg;;;;;;;
GRASS;True;0;0;576;672;ground.jpg;;;;;;;
GRASS;True;0;0;576;704;ground.jpg;;;;;;;
GRASS;True;0;0;576;736;ground.jpg;;;;;;;
GRASS;True;0;0;576;768;ground.jpg;;;;;;;
GRASS;True;0;0;576;800;ground.jpg;;;;;;;
GRASS;True;0;0;576;832;ground.jpg;;;;;;;
GRASS;True;0;0;576;864;ground.jpg;;;;;;;
GRASS;True;0;0;576;896;ground.jpg;;;;;;;
GRASS;True;0;0;576;928;ground.jpg;;;;;;;
GRASS;True;0;0;608;0;ground.jpg;;;;;;;
GRASS;True;0;0;608;32;ground.jpg;;;;;;;
GRASS;True;0;0;608;64;ground.jpg;;;;;;;
GRASS;True;0;0;608;96;ground.jpg;;;;;;;
GRASS;True;0;0;608;128;ground.jpg;;;;;;;
GRASS;True;0;0;608;160;ground.jpg;;;;;;;
GRASS;True;0;0;608;192;ground.jpg;;;;;;;
GRASS;True;0;0;608;224;ground.jpg;;;;;;;
GRASS;True;0;0;608;256;ground.jpg;;;;;;;
GRASS;True;0;0;608;288;ground.jpg;;;;;;;
GRASS;True;0;0;608;320;ground.jpg;;;;;;;
GRASS;True;0;0;608;352;ground.jpg;;;;;;;
GRASS;True;0;0;608;384;ground.jpg;;;;;;;
GRASS;True;0;0;608;416;ground.jpg;;;;;;;
GRASS;True;0;0;608;448;ground.jpg;;;;;;;
GRASS;True;0;0;608;480;ground.jpg;;;;;;;
GRASS;True;0;0;608;512;ground.jpg;;;;;;;
GRASS;True;0;0;608;544;ground.jpg;;;;;;;
GRASS;True;0;0;608;576;ground.jpg;;;;;;;
GRASS;True;0;0;608;608;ground.jpg;;;;;;;
GRASS;True;0;0;608;640;ground.jpg;;;;;;;
GRASS;True;0;0;608;672;ground.jpg;;;;;;;
GRASS;True;0;0;608;704;ground.jpg;;;;;;;
GRASS;True;0;0;608;736;ground.jpg;;;;;;;
GRASS;True;0;0;608;768;ground.jpg;;;;;;;
GRASS;True;0;0;608;800;ground.jpg;;;;;;;
GRASS;True;0;0;608;832;ground.jpg;;;;;;;
GRASS;True;0;0;608;864;ground.jpg;;;;;;;
GRASS;True;0;0;608;896;ground.jpg;;;;;;;
GRASS;True;0;0;608;928;ground.jpg;;;;;;;
GRASS;True;0;0;640;0;ground.jpg;;;;;;;
GRASS;True;0;0;640;32;ground.jpg;;;;;;;
GRASS;True;0;0;640;64;ground.jpg;;;;;;;
GRASS;True;0;0;640;96;ground.jpg;;;;;;;
GRASS;True;0;0;640;128;ground.jpg;;;;;;;
GRASS;True;0;0;640;160;ground.jpg;;;;;;;
GRASS;True;0;0;640;192;ground.jpg;;;;;;;
GRASS;True;0;0;640;224;ground.jpg;;;;;;;
GRASS;True;0;0;640;256;ground.jpg;;;;;;;
GRASS;True;0;0;640;288;ground.jpg;;;;;;;
GRASS;True;0;0;640;320;ground.jpg;;;;;;;
GRASS;True;0;0;640;352;ground.jpg;;;;;;;
GRASS;True;0;0;640;384;ground.jpg;;;;;;;
GRASS;True;0;0;640;416;ground.jpg;;;;;;;
GRASS;True;0;0;640;448;ground.jpg;;;;;;;
GRASS;True;0;0;640;480;ground.jpg;;;;;;;
GRASS;True;0;0;640;512;ground.jpg;;;;;;;
GRASS;True;0;0;640;544;ground.jpg;;;;;;;
GRASS;True;0;0;640;576;ground.jpg;;;;;;;
GRASS;True;0;0;640;608;ground.jpg;;;;;;;
GRASS;True;0;0;640;640;ground.jpg;;;;;;;
GRASS;True;0;0;640;672;ground.jpg;;;;;;;
GRASS;True;0;0;640;704;ground.jpg;;;;;;;
GRASS;True;0;0;640;736;ground.jpg;;;;;;;
GRASS;True;0;0;640;768;ground.jpg;;;;;;;
GRASS;True;0;0;640;800;ground.jpg;;;;;;;
GRASS;True;0;0;640;832;ground.jpg;;;;;;;
GRASS;True;0;0;640;864;ground.jpg;;;;;;;
GRASS;True;0;0;640;896;ground.jpg;;;;;;;
GRASS;True;0;0;640;928;ground.jpg;;;;;;;
GRASS;True;0;0;672;0;ground.jpg;;;;;;;
GRASS;True;0;0;672;32;ground.jpg;;;;;;;
GRASS;True;0;0;672;64;ground.jpg;;;;;;;
GRASS;True;0;0;672;96;ground.jpg;;;;;;;
GRASS;True;0;0;672;128;ground.jpg;;;;;;;
GRASS;True;0;0;672;160;ground.jpg;;;;;;;
GRASS;True;0;0;672;192;ground.jpg;;;;;;;
GRASS;True;0;0;672;224;ground.jpg;;;;;;;
GRASS;True;0;0;672;256;ground.jpg;;;;;;;
GRASS;True;0;0;672;288;ground.jpg;;;;;;;
GRASS;True;0;0;672;320;ground.jpg;;;;;;;
GRASS;True;0;0;672;352;ground.jpg;;;;;;;
GRASS;True;0;0;672;384;ground.jpg;;;;;;;
GRASS;True;0;0;672;416;ground.jpg;;;;;;;
GRASS;True;0;0;672;448;ground.jpg;;;;;;;
GRASS;True;0;0;672;480;ground.jpg;;;;;;;
GRASS;True;0;0;672;512;ground.jpg;;;;;;;
GRASS;True;0;0;672;544;ground.jpg;;;;;;;
GRASS;True;0;0;672;576;ground.jpg;;;;;;;
GRASS;True;0;0;672;608;ground.jpg;;;;;;;
GRASS;True;0;0;672;640;ground.jpg;;;;;;;
GRASS;True;0;0;672;672;ground.jpg;;;;;;;
GRASS;True;0;0;672;704;ground.jpg;;;;;;;
GRASS;True;0;0;672;736;ground.jpg;;;;;;;
GRASS;True;0;0;672;768;ground.jpg;;;;;;;
GRASS;True;0;0;672;800;ground.jpg;;;;;;;
GRASS;True;0;0;672;832;ground.jpg;;;;;;;
GRASS;True;0;0;672;864;ground.jpg;;;;;;;
GRASS;True;0;0;672;896;ground.jpg;;;;;;;
GRASS;True;0;0;672;928;ground.jpg;;;;;;;
GRASS;True;0;0;704;0;ground.jpg;;;;;;;
GRASS;True;0;0;704;32;ground.jpg;;;;;;;
GRASS;True;0;0;704;64;ground.jpg;;;;;;;
GRASS;True;0;0;704;96;ground.jpg;;;;;;;
GRASS;True;0;0;704;128;ground.jpg;;;;;;;
GRASS;True;0;0;704;160;ground.jpg;;;;;;;
GRASS;True;0;0;704;192;ground.jpg;;;;;;;
GRASS;True;0;0;704;224;ground.jpg;;;;;;;
GRASS;True;0;0;704;256;ground.jpg;;;;;;;
GRASS;True;0;0;704;288;ground.jpg;;;;;;;
GRASS;True;0;0;704;320;ground.jpg;;;;;;;
GRASS;True;0;0;704;352;ground.jpg;;;;;;;
GRASS;True;0;0;704;384;ground.jpg;;;;;;;
GRASS;True;0;0;704;416;ground.jpg;;;;;;;
GRASS;True;0;0;704;448;ground.jpg;;;;;;;
GRASS;True;0;0;704;480;ground.jpg;;;;;;;
GRASS;True;0;0;704;512;ground.jpg;;;;;;;
GRASS;True;0;0;704;544;ground.jpg;;;;;;;
GRASS;True;0;0;704;576;ground.jpg;;;;;;;
GRASS;True;0;0;704;608;ground.jpg;;;;;;;
GRASS;True;0;0;704;640;ground.jpg;;;;;;;
GRASS;True;0;0;704;672;ground.jpg;;;;;;;
GRASS;True;0;0;704;704;ground.jpg;;;;;;;
GRASS;True;0;0;704;736;ground.jpg;;;;;;;
GRASS;True;0;0;704;768;ground.jpg;;;;;;;
GRASS;True;0;0;704;800;ground.jpg;;;;;;;
GRASS;True;0;0;704;832;ground.jpg;;;;;;;
GRASS;True;0;0;704;864;ground.jpg;;;;;;;
GRASS;True;0;0;704;896;ground.jpg;;;;;;;
GRASS;True;0;0;704;928;ground.jpg;;;;;;;
GRASS;True;0;0;736;0;ground.jpg;;;;;;;
GRASS;True;0;0;736;32;ground.jpg;;;;;;;
GRASS;True;0;0;736;64;ground.jpg;;;;;;;
GRASS;True;0;0;736;96;ground.jpg;;;;;;;
GRASS;True;0;0;736;128;ground.jpg;;;;;;;
GRASS;True;0;0;736;160;ground.jpg;;;;;;;
GRASS;True;0;0;736;192;ground.jpg;;;;;;;
GRASS;True;0;0;736;224;ground.jpg;;;;;;;
GRASS;True;0;0;736;256;ground.jpg;;;;;;;
GRASS;True;0;0;736;288;ground.jpg;;;;;;;
GRASS;True;0;0;736;320;ground.jpg;;;;;;;
GRASS;True;0;0;736;352;ground.jpg;;;;;;;
GRASS;True;0;0;736;384;ground.jpg;;;;;;;
GRASS;True;0;0;736;416;ground.jpg;;;;;;;
GRASS;True;0;0;736;448;ground.jpg;;;;;;;
GRASS;True;0;0;736;480;ground.jpg;;;;;;;
GRASS;True;0;0;736;512;ground.jpg;;;;;;;
GRASS;True;0;0;736;544;ground.jpg;;;;;;;
GRASS;True;0;0;736;576;ground.jpg;;;;;;;
GRASS;True;0;0;736;608;ground.jpg;;;;;;;
GRASS;True;0;0;736;640;ground.jpg;;;;;;;
GRASS;True;0;0;736;672;ground.jpg;;;;;;;
GRASS;True;0;0;736;704;ground.jpg;;;;;;;
GRASS;True;0;0;736;736;ground.jpg;;;;;;;
GRASS;True;0;0;736;768;ground.jpg;;;;;;;
GRASS;True;0;0;736;800;ground.jpg;;;;;;;
GRASS;True;0;0;736;832;ground.jpg;;;;;;;
GRASS;True;0;0;736;864;ground.jpg;;;;;;;
GRASS;True;0;0;736;896;ground.jpg;;;;;;;
GRASS;True;0;0;736;928;ground.jpg;;;;;;;
GRASS;True;0;0;768;0;ground.jpg;;;;;;;
GRASS;True;0;0;768;32;ground.jpg;;;;;;;
GRASS;True;0;0;768;64;ground.jpg;;;;;;;
GRASS;True;0;0;768;96;ground.jpg;;;;;;;
GRASS;True;0;0;768;128;ground.jpg;;;;;;;
GRASS;True;0;0;768;160;ground.jpg;;;;;;;
GRASS;True;0;0;768;192;ground.jpg;;;;;;;
GRASS;True;0;0;768;224;ground.jpg;;;;;;;
GRASS;True;0;0;768;256;ground.jpg;;;;;;;
GRASS;True;0;0;768;288;ground.jpg;;;;;;;
GRASS;True;0;0;768;320;ground.jpg;;;;;;;
GRASS;True;0;0;768;352;ground.jpg;;;;;;;
GRASS;True;0;0;768;384;ground.jpg;;;;;;;
GRASS;True;0;0;768;416;ground.jpg;;;;;;;
GRASS;True;0;0;768;448;ground.jpg;;;;;;;
GRASS;True;0;0;768;480;ground.jpg;;;;;;;
GRASS;True;0;0;768;512;ground.jpg;;;;;;;
GRASS;True;0;0;768;544;ground.jpg;;;;;;;
GRASS;True;0;0;768;576;ground.jpg;;;;;;;
GRASS;True;0;0;768;608;ground.jpg;;;;;;;
GRASS;True;0;0;768;640;ground.jpg;;;;;;;
GRASS;True;0;0;768;672;ground.jpg;;;;;;;
GRASS;True;0;0;768;704;ground.jpg;;;;;;;
GRASS;True;0;0;768;736;ground.jpg;;;;;;;
GRASS;True;0;0;768;768;ground.jpg;;;;;;;
GRASS;True;0;0;768;800;ground.jpg;;;;;;;
GRASS;True;0;0;768;832;ground.jpg;;;;;;;
GRASS;True;0;0;768;864;ground.jpg;;;;;;;
GRASS;True;0;0;768;896;ground.jpg;;;;;;;
GRASS;True;0;0;768;928;ground.jpg;;;;;;;
GRASS;True;0;0;800;0;ground.jpg;;;;;;;
GRASS;True;0;0;800;32;ground.jpg;;;;;;;
GRASS;True;0;0;800;64;ground.jpg;;;;;;;
GRASS;True;0;0;800;96;ground.jpg;;;;;;;
GRASS;True;0;0;800;128;ground.jpg;;;;;;;
GRASS;True;0;0;800;160;ground.jpg;;;;;;;
GRASS;True;0;0;800;192;ground.jpg;;;;;;;
GRASS;True;0;0;800;224;ground.jpg;;;;;;;
GRASS;True;0;0;800;256;ground.jpg;;;;;;;
GRASS;True;0;0;800;288;ground.jpg;;;;;;;
GRASS;True;0;0;800;320;ground.jpg;;;;;;;
GRASS;True;0;0;800;352;ground.jpg;;;;;;;
GRASS;True;0;0;800;384;ground.jpg;;;;;;;
GRASS;True;0;0;800;416;ground.jpg;;;;;;;
GRASS;True;0;0;800;448;ground.jpg;;;;;;;
GRASS;True;0;0;800;480;ground.jpg;;;;;;;
GRASS;True;0;0;800;512;ground.jpg;;;;;;;
GRASS;True;0;0;800;544;ground.jpg;;;;;;;
GRASS;True;0;0;800;576;ground.jpg;;;;;;;
GRASS;True;0;0;800;608;ground.jpg;;;;;;;
GRASS;True;0;0;800;640;ground.jpg;;;;;;;
GRASS;True;0;0;800;672;ground.jpg;;;;;;;
GRASS;True;0;0;800;704;ground.jpg;;;;;;;
GRASS;True;0;0;800;736;ground.jpg;;;;;;;
GRASS;True;0;0;800;768;ground.jpg;;;;;;;
GRASS;True;0;0;800;800;ground.jpg;;;;;;;
GRASS;True;0;0;800;832;ground.jpg;;;;;;;
GRASS;True;0;0;800;864;ground.jpg;;;;;;;
GRASS;True;0;0;800;896;ground.jpg;;;;;;;
GRASS;True;0;0;800;928;ground.jpg;;;;;;;
GRASS;True;0;0;832;0;ground.jpg;;;;;;;
GRASS;True;0;0;832;32;ground.jpg;;;;;;;
GRASS;True;0;0;832;64;ground.jpg;;;;;;;
GRASS;True;0;0;832;96;ground.jpg;;;;;;;
GRASS;True;0;0;832;128;ground.jpg;;;;;;;
GRASS;True;0;0;832;160;ground.jpg;;;;;;;
GRASS;True;0;0;832;192;ground.jpg;;;;;;;
GRASS;True;0;0;832;224;ground.jpg;;;;;;;
GRASS;True;0;0;832;256;ground.jpg;;;;;;;
GRASS;True;0;0;832;288;ground.jpg;;;;;;;
GRASS;True;0;0;832;320;ground.jpg;;;;;;;
GRASS;True;0;0;832;352;ground.jpg;;;;;;;
GRASS;True;0;0;832;384;ground.jpg;;;;;;;
GRASS;True;0;0;832;416;ground.jpg;;;;;;;
GRASS;True;0;0;832;448;ground.jpg;;;;;;;
GRASS;True;0;0;832;480;ground.jpg;;;;;;;
GRASS;True;0;0;832;512;ground.jpg;;;;;;;
GRASS;True;0;0;832;544;ground.jpg;;;;;;;
GRASS;True;0;0;832;576;ground.jpg;;;;;;;
GRASS;True;0;0;832;608;ground.jpg;;;;;;;
GRASS;True;0;0;832;640;ground.jpg;;;;;;;
GRASS;True;0;0;832;672;ground.jpg;;;;;;;
GRASS;True;0;0;832;704;ground.jpg;;;;;;;
GRASS;True;0;0;832;736;ground.jpg;;;;;;;
GRASS;True;0;0;832;768;ground.jpg;;;;;;;
GRASS;True;0;0;832;800;ground.jpg;;;;;;;
GRASS;True;0;0;832;832;ground.jpg;;;;;;;
GRASS;True;0;0;832;864;ground.jpg;;;;;;;
GRASS;True;0;0;832;896;ground.jpg;;;;;;;
GRASS;True;0;0;832;928;ground.jpg;;;;;;;
GRASS;True;0;0;864;0;ground.jpg;;;;;;;
GRASS;True;0;0;864;32;ground.jpg;;;;;;;
GRASS;True;0;0;864;64;ground.jpg;;;;;;;
GRASS;True;0;0;864;96;ground.jpg;;;;;;;
GRASS;True;0;0;864;128;ground.jpg;;;;;;;
GRASS;True;0;0;864;160;ground.jpg;;;;;;;
GRASS;True;0;0;864;192;ground.jpg;;;;;;;
GRASS;True;0;0;864;224;ground.jpg;;;;;;;
GRASS;True;0;0;864;256;ground.jpg;;;;;;;
GRASS;True;0;0;864;288;ground.jpg;;;;;;;
GRASS;True;0;0;864;320;ground.jpg;;;;;;;
GRASS;True;0;0;864;352;ground.jpg;;;;;;;
GRASS;True;0;0;864;384;ground.jpg;;;;;;;
GRASS;True;0;0;864;416;ground.jpg;;;;;;;
GRASS;True;0;0;864;448;ground.jpg;;;;;;;
GRASS;True;0;0;864;480;ground.jpg;;;;;;;
GRASS;True;0;0;864;512;ground.jpg;;;;;;;
GRASS;True;0;0;864;544;ground.jpg;;;;;;;
GRASS;True;0;0;864;576;ground.jpg;;;;;;;
GRASS;True;0;0;864;608;ground.jpg;;;;;;;
GRASS;True;0;0;864;640;ground.jpg;;;;;;;
GRASS;True;0;0;864;672;ground.jpg;;;;;;;
GRASS;True;0;0;864;704;ground.jpg;;;;;;;
GRASS;True;0;0;864;736;ground.jpg;;;;;;;
GRASS;True;0;0;864;768;ground.jpg;;;;;;;
GRASS;True;0;0;864;800;ground.jpg;;;;;;;
GRASS;True;0;0;864;832;ground.jpg;;;;;;;
GRASS;True;0;0;864;864;ground.jpg;;;;;;;
GRASS;True;0;0;864;896;ground.jpg;;;;;;;
GRASS;True;0;0;864;928;ground.jpg;;;;;;;
GRASS;True;0;0;896;0;ground.jpg;;;;;;;
GRASS;True;0;0;896;32;ground.jpg;;;;;;;
GRASS;True;0;0;896;64;ground.jpg;;;;;;;
GRASS;True;0;0;896;96;ground.jpg;;;;;;;
GRASS;True;0;0;896;128;ground.jpg;;;;;;;
GRASS;True;0;0;896;160;ground.jpg;;;;;;;
GRASS;True;0;0;896;192;ground.jpg;;;;;;;
GRASS;True;0;0;896;224;ground.jpg;;;;;;;
GRASS;True;0;0;896;256;ground.jpg;;;;;;;
GRASS;True;0;0;896;288;ground.jpg;;;;;;;
GRASS;True;0;0;896;320;ground.jpg;;;;;;;
GRASS;True;0;0;896;352;ground.jpg;;;;;;;
GRASS;True;0;0;896;384;ground.jpg;;;;;;;
GRASS;True;0;0;896;416;ground.jpg;;;;;;;
GRASS;True;0;0;896;448;ground.jpg;;;;;;;
GRASS;True;0;0;896;480;ground.jpg;;;;;;;
GRASS;True;0;0;896;512;ground.jpg;;;;;;;
GRASS;True;0;0;896;544;ground.jpg;;;;;;;
GRASS;True;0;0;896;576;ground.jpg;;;;;;;
GRASS;True;0;0;896;608;ground.jpg;;;;;;;
GRASS;True;0;0;896;640;ground.jpg;;;;;;;
GRASS;True;0;0;896;672;ground.jpg;;;;;;;
GRASS;True;0;0;896;704;ground.jpg;;;;;;;
GRASS;True;0;0;896;736;ground.jpg;;;;;;;
GRASS;True;0;0;896;768;ground.jpg;;;;;;;
GRASS;True;0;0;896;800;ground.jpg;;;;;;;
GRASS;True;0;0;896;832;ground.jpg;;;;;;;
GRASS;True;0;0;896;864;ground.jpg;;;;;;;
GRASS;True;0;0;896;896;ground.jpg;;;;;;;
GRASS;True;0;0;896;928;ground.jpg;;;;;;;
GRASS;True;0;0;928;0;ground.jpg;;;;;;;
GRASS;True;0;0;928;32;ground.jpg;;;;;;;
GRASS;True;0;0;928;64;ground.jpg;;;;;;;
GRASS;True;0;0;928;96;ground.jpg;;;;;;;
GRASS;True;0;0;928;128;ground.jpg;;;;;;;
GRASS;True;0;0;928;160;ground.jpg;;;;;;;
GRASS;True;0;0;928;192;ground.jpg;;;;;;;
GRASS;True;0;0;928;224;ground.jpg;;;;;;;
GRASS;True;0;0;928;256;ground.jpg;;;;;;;
GRASS;True;0;0;928;288;ground.jpg;;;;;;;
GRASS;True;0;0;928;320;ground.jpg;;;;;;;
GRASS;True;0;0;928;352;ground.jpg;;;;;;;
GRASS;True;0;0;928;384;ground.jpg;;;;;;;
GRASS;True;0;0;928;416;ground.jpg;;;;;;;
GRASS;True;0;0;928;448;ground.jpg;;;;;;;
GRASS;True;0;0;928;480;ground.jpg;;;;;;;
GRASS;True;0;0;928;512;ground.jpg;;;;;;;
GRASS;True;0;0;928;544;ground.jpg;;;;;;;
GRASS;True;0;0;928;576;ground.jpg;;;;;;;
GRASS;True;0;0;928;608;ground.jpg;;;;;;;
GRASS;True;0;0;928;640;ground.jpg;;;;;;;
GRASS;True;0;0;928;672;ground.jpg;;;;;;;
GRASS;True;0;0;928;704;ground.jpg;;;;;;;
GRASS;True;0;0;928;736;ground.jpg;;;;;;;
GRASS;True;0;0;928;768;ground.jpg;;;;;;;
GRASS;True;0;0;928;800;ground.jpg;;;;;;;
GRASS;True;0;0;928;832;ground.jpg;;;;;;;
GRASS;True;0;0;928;864;ground.jpg;;;;;;;
GRASS;True;0;0;928;896;ground.jpg;;;;;;;
GRASS;True;0;0;928;928;ground.jpg;;;;;;;
